Component: ARM Compiler 5.06 update 3 (build 300) Tool: armlink [4d35c9]

==============================================================================

Section Cross References

    main.o(i.main) refers to system.o(i.systemInit) for systemInit
    main.o(i.main) refers to tasks.o(i.xTaskCreate) for xTaskCreate
    main.o(i.main) refers to tasks.o(i.vTaskStartScheduler) for vTaskStartScheduler
    main.o(i.main) refers to main.o(.data) for .data
    main.o(i.main) refers to main.o(i.startTask) for startTask
    main.o(i.startTask) refers to port.o(i.vPortEnterCritical) for vPortEnterCritical
    main.o(i.startTask) refers to tasks.o(i.xTaskCreate) for xTaskCreate
    main.o(i.startTask) refers to heap_4.o(i.xPortGetFreeHeapSize) for xPortGetFreeHeapSize
    main.o(i.startTask) refers to printfa.o(i.__0printf) for __2printf
    main.o(i.startTask) refers to tasks.o(i.vTaskDelete) for vTaskDelete
    main.o(i.startTask) refers to port.o(i.vPortExitCritical) for vPortExitCritical
    main.o(i.startTask) refers to tcp_server.o(i.tcpServerTask) for tcpServerTask
    main.o(i.startTask) refers to lanlink.o(i.lanlinkRxTask) for lanlinkRxTask
    main.o(i.startTask) refers to lanlink.o(i.lanlinkTxTask) for lanlinkTxTask
    main.o(i.startTask) refers to radiolink.o(i.radiolinkRxTask) for radiolinkRxTask
    main.o(i.startTask) refers to radiolink.o(i.radiolinkTxTask) for radiolinkTxTask
    main.o(i.startTask) refers to usblink.o(i.usblinkRxTask) for usblinkRxTask
    main.o(i.startTask) refers to usblink.o(i.usblinkTxTask) for usblinkTxTask
    main.o(i.startTask) refers to atkp.o(i.atkpTxTask) for atkpTxTask
    main.o(i.startTask) refers to atkp.o(i.atkpRxAnlTask) for atkpRxAnlTask
    main.o(i.startTask) refers to pm.o(i.pmTask) for pmTask
    main.o(i.startTask) refers to sensors.o(i.sensorsTask) for sensorsTask
    main.o(i.startTask) refers to stabilizer.o(i.stabilizerTask) for stabilizerTask
    main.o(i.startTask) refers to main.o(.data) for .data
    main.o(i.vApplicationIdleHook) refers to nvic.o(i.getSysTickCnt) for getSysTickCnt
    main.o(i.vApplicationIdleHook) refers to stm32f4xx_iwdg.o(i.IWDG_ReloadCounter) for IWDG_ReloadCounter
    main.o(i.vApplicationIdleHook) refers to main.o(.data) for .data
    system_stm32f4xx.o(i.SystemCoreClockUpdate) refers to system_stm32f4xx.o(.data) for .data
    system_stm32f4xx.o(i.SystemInit) refers to system_stm32f4xx.o(i.SetSysClock) for SetSysClock
    delay.o(i.delay_init) refers to misc.o(i.SysTick_CLKSourceConfig) for SysTick_CLKSourceConfig
    delay.o(i.delay_init) refers to delay.o(.data) for .data
    delay.o(i.delay_ms) refers to tasks.o(i.xTaskGetSchedulerState) for xTaskGetSchedulerState
    delay.o(i.delay_ms) refers to tasks.o(i.vTaskDelay) for vTaskDelay
    delay.o(i.delay_ms) refers to delay.o(i.delay_us) for delay_us
    delay.o(i.delay_ms) refers to delay.o(.data) for .data
    delay.o(i.delay_us) refers to delay.o(.data) for .data
    delay.o(i.delay_xms) refers to delay.o(i.delay_us) for delay_us
    usart.o(i.USART1_IRQHandler) refers to stm32f4xx_usart.o(i.USART_GetITStatus) for USART_GetITStatus
    usart.o(i.USART1_IRQHandler) refers to stm32f4xx_usart.o(i.USART_ReceiveData) for USART_ReceiveData
    usart.o(i.USART1_IRQHandler) refers to usart.o(.data) for .data
    usart.o(i.USART1_IRQHandler) refers to usart.o(.bss) for .bss
    usart.o(i.uart_init) refers to stm32f4xx_rcc.o(i.RCC_AHB1PeriphClockCmd) for RCC_AHB1PeriphClockCmd
    usart.o(i.uart_init) refers to stm32f4xx_rcc.o(i.RCC_APB2PeriphClockCmd) for RCC_APB2PeriphClockCmd
    usart.o(i.uart_init) refers to stm32f4xx_gpio.o(i.GPIO_PinAFConfig) for GPIO_PinAFConfig
    usart.o(i.uart_init) refers to stm32f4xx_gpio.o(i.GPIO_Init) for GPIO_Init
    usart.o(i.uart_init) refers to stm32f4xx_usart.o(i.USART_Init) for USART_Init
    usart.o(i.uart_init) refers to stm32f4xx_usart.o(i.USART_Cmd) for USART_Cmd
    usart.o(i.uart_init) refers to stm32f4xx_usart.o(i.USART_ITConfig) for USART_ITConfig
    usart.o(i.uart_init) refers to misc.o(i.NVIC_Init) for NVIC_Init
    config_param.o(i.configParamGiveSemaphore) refers to queue.o(i.xQueueGenericSend) for xQueueGenericSend
    config_param.o(i.configParamGiveSemaphore) refers to config_param.o(.data) for .data
    config_param.o(i.configParamInit) refers to stmflash.o(i.STMFLASH_Read) for STMFLASH_Read
    config_param.o(i.configParamInit) refers to config_param.o(i.configParamCksum) for configParamCksum
    config_param.o(i.configParamInit) refers to f2d.o(.text) for __aeabi_f2d
    config_param.o(i.configParamInit) refers to printfa.o(i.__0printf) for __2printf
    config_param.o(i.configParamInit) refers to memmovea.o(.text) for __aeabi_memcpy
    config_param.o(i.configParamInit) refers to stmflash.o(i.STMFLASH_Write) for STMFLASH_Write
    config_param.o(i.configParamInit) refers to queue.o(i.xQueueGenericCreate) for xQueueGenericCreate
    config_param.o(i.configParamInit) refers to config_param.o(.data) for .data
[...]
    0x080001bc   0x00000000   Code   RO        10825    .ARM.Collect$$$$0000000D  mc_w.l(entry10a.o)
    0x080001bc   0x00000000   Code   RO        10827    .ARM.Collect$$$$0000000F  mc_w.l(entry11a.o)
    0x080001bc   0x00000004   Code   RO        10816    .ARM.Collect$$$$00002712  mc_w.l(entry2.o)
    0x080001c0   0x00000012   Code   RO          822    .emb_text           nvic.o
    0x080001d2   0x00000002   PAD
    0x080001d4   0x000000b6   Code   RO         7324    .emb_text           port.o
    0x0800028a   0x00000002   PAD
    0x0800028c   0x00000024   Code   RO         1676    .text               startup_stm32f427_437xx.o
    0x080002b0   0x00000062   Code   RO        10461    .text               mc_w.l(uldiv.o)
    0x08000312   0x00000062   Code   RO        10463    .text               mc_w.l(ldiv.o)
    0x08000374   0x00000040   Code   RO        10467    .text               mc_w.l(memmovea.o)
    0x080003b4   0x00000024   Code   RO        10469    .text               mc_w.l(memseta.o)
    0x080003d8   0x0000001a   Code   RO        10473    .text               mc_w.l(memcmp.o)
    0x080003f2   0x0000014e   Code   RO        10742    .text               mf_w.l(dadd.o)
    0x08000540   0x000000e4   Code   RO        10744    .text               mf_w.l(dmul.o)
    0x08000624   0x000000de   Code   RO        10746    .text               mf_w.l(ddiv.o)
    0x08000702   0x00000022   Code   RO        10748    .text               mf_w.l(dflti.o)
    0x08000724   0x0000001a   Code   RO        10750    .text               mf_w.l(dfltui.o)
    0x0800073e   0x0000003e   Code   RO        10752    .text               mf_w.l(dfixi.o)
    0x0800077c   0x00000032   Code   RO        10754    .text               mf_w.l(dfixui.o)
    0x080007ae   0x00000026   Code   RO        10756    .text               mf_w.l(f2d.o)
    0x080007d4   0x00000038   Code   RO        10758    .text               mf_w.l(d2f.o)
    0x0800080c   0x0000002c   Code   RO        10829    .text               mc_w.l(uidiv.o)
    0x08000838   0x0000001e   Code   RO        10831    .text               mc_w.l(llshl.o)
    0x08000856   0x00000020   Code   RO        10833    .text               mc_w.l(llushr.o)
    0x08000876   0x00000024   Code   RO        10835    .text               mc_w.l(llsshr.o)
    0x0800089a   0x00000000   Code   RO        10844    .text               mc_w.l(iusefp.o)
    0x0800089a   0x0000006e   Code   RO        10845    .text               mf_w.l(fepilogue.o)
    0x08000908   0x0000003c   Code   RO        10847    .text               mf_w.l(frnd.o)
    0x08000944   0x000000ba   Code   RO        10849    .text               mf_w.l(depilogue.o)
    0x080009fe   0x0000002e   Code   RO        10853    .text               mf_w.l(dscalb.o)
    0x08000a2c   0x000000a2   Code   RO        10855    .text               mf_w.l(dsqrt.o)
    0x08000ace   0x00000030   Code   RO        10857    .text               mf_w.l(dfixul.o)
    0x08000afe   0x0000004c   Code   RO        10859    .text               mf_w.l(ffixir.o)
    0x08000b4a   0x00000002   PAD
    0x08000b4c   0x00000030   Code   RO        10863    .text               mf_w.l(cdrcmple.o)
    0x08000b7c   0x00000024   Code   RO        10867    .text               mc_w.l(init.o)
    0x08000ba0   0x00000056   Code   RO        10877    .text               mc_w.l(__dczerorl2.o)
    0x08000bf6   0x00000014   Code   RO         1732    i.ADC_Cmd           stm32f4xx_adc.o
    0x08000c0a   0x00000002   PAD
    0x08000c0c   0x0000002c   Code   RO         1733    i.ADC_CommonInit    stm32f4xx_adc.o
    0x08000c38   0x00000014   Code   RO         1736    i.ADC_DMACmd        stm32f4xx_adc.o
    0x08000c4c   0x00000014   Code   RO         1737    i.ADC_DMARequestAfterLastTransferCmd  stm32f4xx_adc.o
    0x08000c60   0x0000004c   Code   RO         1752    i.ADC_Init          stm32f4xx_adc.o
    0x08000cac   0x00000074   Code   RO         1757    i.ADC_RegularChannelConfig  stm32f4xx_adc.o
    0x08000d20   0x0000000a   Code   RO         1759    i.ADC_SoftwareStartConv  stm32f4xx_adc.o
    0x08000d2a   0x00000002   PAD
    0x08000d2c   0x00000044   Code   RO          823    i.BusFault_Handler  nvic.o
    0x08000d70   0x00000030   Code   RO         6224    i.ControlParameterInit  motor_control.o
    0x08000da0   0x0000002c   Code   RO         7687    i.DCD_EP_Close      usb_dcd.o
    0x08000dcc   0x00000038   Code   RO         7688    i.DCD_EP_ClrStall   usb_dcd.o
    0x08000e04   0x0000003c   Code   RO         7690    i.DCD_EP_Open       usb_dcd.o
    0x08000e40   0x00000044   Code   RO         7691    i.DCD_EP_PrepareRx  usb_dcd.o
    0x08000e84   0x00000010   Code   RO         7692    i.DCD_EP_SetAddress  usb_dcd.o
    0x08000e94   0x00000038   Code   RO         7693    i.DCD_EP_Stall      usb_dcd.o
    0x08000ecc   0x0000003e   Code   RO         7694    i.DCD_EP_Tx         usb_dcd.o
    0x08000f0a   0x00000002   PAD
    0x08000f0c   0x0000014c   Code   RO         7777    i.DCD_HandleEnumDone_ISR  usb_dcd_int.o
    0x08001058   0x000000c0   Code   RO         7778    i.DCD_HandleInEP_ISR  usb_dcd_int.o
    0x08001118   0x000000ac   Code   RO         7779    i.DCD_HandleOutEP_ISR  usb_dcd_int.o
    0x080011c4   0x0000007c   Code   RO         7780    i.DCD_HandleRxStatusQueueLevel_ISR  usb_dcd_int.o
    0x08001240   0x00000070   Code   RO         7781    i.DCD_HandleUSBSuspend_ISR  usb_dcd_int.o
    0x080012b0   0x00000084   Code   RO         7782    i.DCD_HandleUsbReset_ISR  usb_dcd_int.o
    0x08001334   0x00000094   Code   RO         7696    i.DCD_Init          usb_dcd.o
    0x080013c8   0x00000094   Code   RO         7783    i.DCD_WriteEmptyTxFifo  usb_dcd_int.o
    0x0800145c   0x00000004   Code   RO          902    i.DMA1_Stream3_IRQHandler  uart_syslink.o
    0x08001460   0x00000002   Code   RO          824    i.DMA1_Stream4_IRQHandler  nvic.o
    0x08001462   0x00000002   PAD
    0x08001464   0x0000002c   Code   RO         2013    i.DMA_ClearITPendingBit  stm32f4xx_dma.o
    0x08001490   0x00000014   Code   RO         2014    i.DMA_Cmd           stm32f4xx_dma.o
    0x080014a4   0x00000124   Code   RO         2015    i.DMA_DeInit        stm32f4xx_dma.o
    0x080015c8   0x0000000e   Code   RO         2019    i.DMA_GetCmdStatus  stm32f4xx_dma.o
    0x080015d6   0x0000002c   Code   RO         2025    i.DMA_ITConfig      stm32f4xx_dma.o
    0x08001602   0x00000002   PAD
    0x08001604   0x00000054   Code   RO         2026    i.DMA_Init          stm32f4xx_dma.o
    0x08001658   0x00000002   Code   RO          825    i.DebugMon_Handler  nvic.o
    0x0800165a   0x00000002   PAD
    0x0800165c   0x0000000c   Code   RO         4120    i.ETH_DMAClearITPendingBit  stm32f4x7_eth.o
    0x08001668   0x00000018   Code   RO         4121    i.ETH_DMAITConfig   stm32f4x7_eth.o
    0x08001680   0x0000001c   Code   RO         4122    i.ETH_DMAReceptionCmd  stm32f4x7_eth.o
    0x0800169c   0x00000058   Code   RO         4123    i.ETH_DMARxDescChainInit  stm32f4x7_eth.o
    0x080016f4   0x0000001c   Code   RO         4125    i.ETH_DMATransmissionCmd  stm32f4x7_eth.o
    0x08001710   0x00000048   Code   RO         4128    i.ETH_DMATxDescChainInit  stm32f4x7_eth.o
    0x08001758   0x00000008   Code   RO         4129    i.ETH_DMATxDescChecksumInsertionConfig  stm32f4x7_eth.o
    0x08001760   0x00000018   Code   RO         4134    i.ETH_DeInit        stm32f4x7_eth.o
    0x08001778   0x00000012   Code   RO         4135    i.ETH_Delay         stm32f4x7_eth.o
    0x0800178a   0x00000002   PAD
    0x0800178c   0x00000010   Code   RO         4137    i.ETH_FlushTransmitFIFO  stm32f4x7_eth.o
    0x0800179c   0x0000000c   Code   RO         1124    i.ETH_GetCurrentTxBuffer  lan8720.o
    0x080017a8   0x0000001e   Code   RO         4162    i.ETH_GetRxPktSize  stm32f4x7_eth.o
    0x080017c6   0x00000002   PAD
    0x080017c8   0x00000014   Code   RO         4163    i.ETH_GetSoftwareResetStatus  stm32f4x7_eth.o
    0x080017dc   0x0000002c   Code   RO         1125    i.ETH_IRQHandler    lan8720.o
    0x08001808   0x00000240   Code   RO         4168    i.ETH_Init          stm32f4x7_eth.o
    0x08001a48   0x0000001c   Code   RO         4170    i.ETH_MACAddressConfig  stm32f4x7_eth.o
    0x08001a64   0x00000084   Code   RO         1126    i.ETH_MACDMA_Config  lan8720.o
    0x08001ae8   0x0000001c   Code   RO         4175    i.ETH_MACReceptionCmd  stm32f4x7_eth.o
    0x08001b04   0x0000001c   Code   RO         4176    i.ETH_MACTransmissionCmd  stm32f4x7_eth.o
    0x08001b20   0x0000002c   Code   RO         1127    i.ETH_Mem_Free      lan8720.o
    0x08001b4c   0x00000050   Code   RO         1128    i.ETH_Mem_Malloc    lan8720.o
    0x08001b9c   0x00000058   Code   RO         4188    i.ETH_ReadPHYRegister  stm32f4x7_eth.o
    0x08001bf4   0x00000058   Code   RO         1129    i.ETH_Rx_Packet     lan8720.o
    0x08001c4c   0x00000010   Code   RO         4196    i.ETH_SoftwareReset  stm32f4x7_eth.o
    0x08001c5c   0x00000022   Code   RO         4197    i.ETH_Start         stm32f4x7_eth.o
    0x08001c7e   0x00000088   Code   RO         4198    i.ETH_StructInit    stm32f4x7_eth.o
    0x08001d06   0x00000002   PAD
    0x08001d08   0x00000044   Code   RO         1130    i.ETH_Tx_Packet     lan8720.o
    0x08001d4c   0x00000054   Code   RO         4200    i.ETH_WritePHYRegister  stm32f4x7_eth.o
    0x08001da0   0x00000002   Code   RO          600    i.EXTI0_Callback    exti.o
    0x08001da2   0x0000000e   Code   RO          601    i.EXTI0_IRQHandler  exti.o
    0x08001db0   0x00000002   Code   RO          602    i.EXTI10_Callback   exti.o
    0x08001db2   0x00000002   Code   RO          603    i.EXTI11_Callback   exti.o
    0x08001db4   0x00000002   Code   RO          604    i.EXTI12_Callback   exti.o
    0x08001db6   0x00000002   Code   RO          605    i.EXTI13_Callback   exti.o
    0x08001db8   0x00000002   Code   RO          606    i.EXTI14_Callback   exti.o
    0x08001dba   0x00000094   Code   RO          607    i.EXTI15_10_IRQHandler  exti.o
    0x08001e4e   0x00000002   Code   RO          608    i.EXTI15_Callback   exti.o
    0x08001e50   0x00000002   Code   RO          609    i.EXTI1_Callback    exti.o
    0x08001e52   0x0000000e   Code   RO          610    i.EXTI1_IRQHandler  exti.o
    0x08001e60   0x00000002   Code   RO          611    i.EXTI2_Callback    exti.o
    0x08001e62   0x0000000e   Code   RO          612    i.EXTI2_IRQHandler  exti.o
    0x08001e70   0x00000002   Code   RO          613    i.EXTI3_Callback    exti.o
    0x08001e72   0x0000000e   Code   RO          614    i.EXTI3_IRQHandler  exti.o
    0x08001e80   0x00000002   Code   RO          615    i.EXTI4_Callback    exti.o
    0x08001e82   0x0000000e   Code   RO          616    i.EXTI4_IRQHandler  exti.o
    0x08001e90   0x00000002   Code   RO          617    i.EXTI5_Callback    exti.o
    0x08001e92   0x00000002   Code   RO          618    i.EXTI6_Callback    exti.o
    0x08001e94   0x00000002   Code   RO          619    i.EXTI7_Callback    exti.o
    0x08001e96   0x00000002   Code   RO          620    i.EXTI8_Callback    exti.o
    0x08001e98   0x00000070   Code   RO          621    i.EXTI9_5_IRQHandler  exti.o
    0x08001f08   0x00000002   Code   RO          622    i.EXTI9_Callback    exti.o
    0x08001f0a   0x00000002   PAD
    0x08001f0c   0x0000000c   Code   RO         2141    i.EXTI_ClearITPendingBit  stm32f4xx_exti.o
    0x08001f18   0x00000014   Code   RO         2145    i.EXTI_GetITStatus  stm32f4xx_exti.o
    0x08001f2c   0x0000001c   Code   RO         2203    i.FLASH_DataCacheCmd  stm32f4xx_flash.o
    0x08001f48   0x0000006c   Code   RO         2208    i.FLASH_EraseSector  stm32f4xx_flash.o
    0x08001fb4   0x0000003c   Code   RO         2210    i.FLASH_GetStatus   stm32f4xx_flash.o
    0x08001ff0   0x00000010   Code   RO         2214    i.FLASH_Lock        stm32f4xx_flash.o
    0x08002000   0x0000003c   Code   RO         2238    i.FLASH_ProgramWord  stm32f4xx_flash.o
    0x0800203c   0x00000024   Code   RO         2240    i.FLASH_Unlock      stm32f4xx_flash.o
    0x08002060   0x0000001e   Code   RO         2241    i.FLASH_WaitForLastOperation  stm32f4xx_flash.o
    0x0800207e   0x000000a2   Code   RO         2457    i.GPIO_Init         stm32f4xx_gpio.o
    0x08002120   0x00000020   Code   RO         2458    i.GPIO_PinAFConfig  stm32f4xx_gpio.o
    0x08002140   0x00000004   Code   RO         2464    i.GPIO_ResetBits    stm32f4xx_gpio.o
    0x08002144   0x00000004   Code   RO         2465    i.GPIO_SetBits      stm32f4xx_gpio.o
    0x08002148   0x00000114   Code   RO         5755    i.Get_Pid           kalman.o
    0x0800225c   0x00000070   Code   RO         8061    i.Handle_USBAsynchXfer  usbd_cdc_core.o
    0x080022cc   0x00000014   Code   RO         2555    i.I2C_AcknowledgeConfig  stm32f4xx_i2c.o
    0x080022e0   0x00000006   Code   RO         2559    i.I2C_ClearFlag     stm32f4xx_i2c.o
    0x080022e6   0x00000014   Code   RO         2561    i.I2C_Cmd           stm32f4xx_i2c.o
    0x080022fa   0x00000002   PAD
    0x080022fc   0x00000044   Code   RO         2564    i.I2C_DeInit        stm32f4xx_i2c.o
    0x08002340   0x00000014   Code   RO         2569    i.I2C_GenerateSTART  stm32f4xx_i2c.o
    0x08002354   0x00000014   Code   RO         2570    i.I2C_GenerateSTOP  stm32f4xx_i2c.o
    0x08002368   0x0000002a   Code   RO         2571    i.I2C_GetFlagStatus  stm32f4xx_i2c.o
    0x08002392   0x00000002   PAD
    0x08002394   0x000000b8   Code   RO         2576    i.I2C_Init          stm32f4xx_i2c.o
    0x0800244c   0x0000000a   Code   RO         2580    i.I2C_ReadRegister  stm32f4xx_i2c.o
    0x08002456   0x00000006   Code   RO         2581    i.I2C_ReceiveData   stm32f4xx_i2c.o
    0x0800245c   0x00000010   Code   RO         2583    i.I2C_Send7bitAddress  stm32f4xx_i2c.o
    0x0800246c   0x00000004   Code   RO         2584    i.I2C_SendData      stm32f4xx_i2c.o
    0x08002470   0x00000014   Code   RO         2585    i.I2C_SoftwareResetCmd  stm32f4xx_i2c.o
    0x08002484   0x00000064   Code   RO         1587    i.I2Cx_TIMEOUT_UserCallback  i2c.o
    0x080024e8   0x000000a4   Code   RO         1588    i.I2cMaster_Init    i2c.o
    0x0800258c   0x0000002c   Code   RO         5495    i.IMU_Init          imu.o
    0x080025b8   0x00000010   Code   RO         2778    i.IWDG_Enable       stm32f4xx_iwdg.o
    0x080025c8   0x00000010   Code   RO         2780    i.IWDG_ReloadCounter  stm32f4xx_iwdg.o
    0x080025d8   0x0000000c   Code   RO         2781    i.IWDG_SetPrescaler  stm32f4xx_iwdg.o
    0x080025e4   0x0000000c   Code   RO         2782    i.IWDG_SetReload    stm32f4xx_iwdg.o
    0x080025f0   0x0000000c   Code   RO         2783    i.IWDG_WriteAccessCmd  stm32f4xx_iwdg.o
    0x080025fc   0x00000038   Code   RO         8241    i.IntToUnicode      usbd_desc.o
    0x08002634   0x00000010   Code   RO         1131    i.LAN8720_Get_Speed  lan8720.o
    0x08002644   0x00000118   Code   RO         1132    i.LAN8720_Init      lan8720.o
    0x0800275c   0x000000a8   Code   RO         1269    i.MPU9250_AK8963_SPIx_Reads  mpu9250.o
    0x08002804   0x000000a8   Code   RO         1270    i.MPU9250_AK8963_SPIx_Write  mpu9250.o
    0x080028ac   0x00000070   Code   RO         1272    i.MPU9250_Get3AxisAccelRawData  mpu9250.o
    0x0800291c   0x00000048   Code   RO         1273    i.MPU9250_Get3AxisGyroRawData  mpu9250.o
    0x08002964   0x00000078   Code   RO         1274    i.MPU9250_Get3AxisMagnetRawData  mpu9250.o
    0x080029dc   0x00000288   Code   RO         1278    i.MPU9250_Init      mpu9250.o
    0x08002c64   0x00000038   Code   RO         1280    i.MPU9250_SPIx_Read  mpu9250.o
    0x08002c9c   0x00000048   Code   RO         1281    i.MPU9250_SPIx_Reads  mpu9250.o
    0x08002ce4   0x00000034   Code   RO         1282    i.MPU9250_SPIx_Write  mpu9250.o
    0x08002d18   0x00000040   Code   RO         1283    i.MPU9250_SPIx_Writes  mpu9250.o
    0x08002d58   0x0000007c   Code   RO         1475    i.MS5837Altitude    ms5837.o
    0x08002dd4   0x00000294   Code   RO         1476    i.MS5837Calculate   ms5837.o
    0x08003068   0x00000034   Code   RO         1477    i.MS5837Depth       ms5837.o
    0x0800309c   0x0000001c   Code   RO         1478    i.MS5837GetNewDevice  ms5837.o
    0x080030b8   0x00000194   Code   RO         1479    i.MS5837Init        ms5837.o
    0x0800324c   0x0000000e   Code   RO         1480    i.MS5837Pressure    ms5837.o
    0x0800325a   0x0000007e   Code   RO         1481    i.MS5837Read        ms5837.o
    0x080032d8   0x00000018   Code   RO         1484    i.MS5837Temperature  ms5837.o
    0x080032f0   0x00000044   Code   RO         5756    i.Mahony_Init       kalman.o
    0x08003334   0x00000044   Code   RO          826    i.MemManage_Handler  nvic.o
    0x08003378   0x00000002   Code   RO          827    i.NMI_Handler       nvic.o
    0x0800337a   0x00000002   PAD
    0x0800337c   0x00000064   Code   RO         1682    i.NVIC_Init         misc.o
    0x080033e0   0x00000014   Code   RO         1683    i.NVIC_PriorityGroupConfig  misc.o
    0x080033f4   0x0000000c   Code   RO         8312    i.OTG_FS_IRQHandler  usbd_usr.o
    0x08003400   0x00000018   Code   RO         2828    i.RCC_AHB1PeriphClockCmd  stm32f4xx_rcc.o
    0x08003418   0x00000018   Code   RO         2830    i.RCC_AHB1PeriphResetCmd  stm32f4xx_rcc.o
    0x08003430   0x00000018   Code   RO         2831    i.RCC_AHB2PeriphClockCmd  stm32f4xx_rcc.o
    0x08003448   0x00000018   Code   RO         2837    i.RCC_APB1PeriphClockCmd  stm32f4xx_rcc.o
    0x08003460   0x00000018   Code   RO         2839    i.RCC_APB1PeriphResetCmd  stm32f4xx_rcc.o
    0x08003478   0x00000018   Code   RO         2840    i.RCC_APB2PeriphClockCmd  stm32f4xx_rcc.o
    0x08003490   0x00000018   Code   RO         2842    i.RCC_APB2PeriphResetCmd  stm32f4xx_rcc.o
    0x080034a8   0x00000010   Code   RO         2845    i.RCC_ClearFlag     stm32f4xx_rcc.o
    0x080034b8   0x00000094   Code   RO         2849    i.RCC_GetClocksFreq  stm32f4xx_rcc.o
    0x0800354c   0x00000034   Code   RO         2850    i.RCC_GetFlagStatus  stm32f4xx_rcc.o
    0x08003580   0x00000014   Code   RO         3168    i.SPI_Cmd           stm32f4xx_spi.o
    0x08003594   0x00000084   Code   RO         3175    i.SPI_I2S_DeInit    stm32f4xx_spi.o
    0x08003618   0x0000000e   Code   RO         3176    i.SPI_I2S_GetFlagStatus  stm32f4xx_spi.o
    0x08003626   0x00000004   Code   RO         3179    i.SPI_I2S_ReceiveData  stm32f4xx_spi.o
    0x0800362a   0x00000004   Code   RO         3180    i.SPI_I2S_SendData  stm32f4xx_spi.o
    0x0800362e   0x00000038   Code   RO         3181    i.SPI_Init          stm32f4xx_spi.o
    0x08003666   0x00000002   PAD
    0x08003668   0x000000a0   Code   RO         1029    i.STMFLASH_GetFlashSector  stmflash.o
    0x08003708   0x00000014   Code   RO         1030    i.STMFLASH_Read     stmflash.o
    0x0800371c   0x00000078   Code   RO         1032    i.STMFLASH_Write    stmflash.o
    0x08003794   0x000002c4   Code   RO         1589    i.ST_Sensors_I2C_ReadNoRegister  i2c.o
    0x08003a58   0x000000fc   Code   RO         1591    i.ST_Sensors_I2C_WriteNoRegister  i2c.o
    0x08003b54   0x0000000c   Code   RO         4063    i.SYSCFG_ETH_MediaInterfaceConfig  stm32f4xx_syscfg.o
    0x08003b60   0x0000003c   Code   RO         1593    i.Sensors_I2C_ReadNoRegister  i2c.o
    0x08003b9c   0x00000038   Code   RO         1596    i.Sensors_I2C_WriteNoRegister  i2c.o
    0x08003bd4   0x000000d0   Code   RO          360    i.SetSysClock       system_stm32f4xx.o
    0x08003ca4   0x00000018   Code   RO         1686    i.SysTick_CLKSourceConfig  misc.o
    0x08003cbc   0x00000020   Code   RO          828    i.SysTick_Handler   nvic.o
    0x08003cdc   0x0000005c   Code   RO          362    i.SystemInit        system_stm32f4xx.o
    0x08003d38   0x0000002c   Code   RO         1093    i.TIM3_IRQHandler   timer.o
    0x08003d64   0x0000005c   Code   RO         1094    i.TIM3_Int_Init     timer.o
    0x08003dc0   0x00000014   Code   RO         3328    i.TIM_ARRPreloadConfig  stm32f4xx_tim.o
    0x08003dd4   0x00000006   Code   RO         3335    i.TIM_ClearITPendingBit  stm32f4xx_tim.o
    0x08003dda   0x00000014   Code   RO         3340    i.TIM_Cmd           stm32f4xx_tim.o
    0x08003dee   0x00000016   Code   RO         3342    i.TIM_CtrlPWMOutputs  stm32f4xx_tim.o
    0x08003e04   0x00000150   Code   RO         3345    i.TIM_DeInit        stm32f4xx_tim.o
    0x08003f54   0x00000018   Code   RO         3361    i.TIM_GetITStatus   stm32f4xx_tim.o
    0x08003f6c   0x00000010   Code   RO         3365    i.TIM_ITConfig      stm32f4xx_tim.o
    0x08003f7c   0x00000060   Code   RO         3369    i.TIM_OC1Init       stm32f4xx_tim.o
    0x08003fdc   0x0000000c   Code   RO         3372    i.TIM_OC1PreloadConfig  stm32f4xx_tim.o
    0x08003fe8   0x00000080   Code   RO         3374    i.TIM_OC2Init       stm32f4xx_tim.o
    0x08004068   0x00000014   Code   RO         3377    i.TIM_OC2PreloadConfig  stm32f4xx_tim.o
    0x0800407c   0x0000007c   Code   RO         3379    i.TIM_OC3Init       stm32f4xx_tim.o
    0x080040f8   0x0000000c   Code   RO         3382    i.TIM_OC3PreloadConfig  stm32f4xx_tim.o
    0x08004104   0x00000060   Code   RO         3384    i.TIM_OC4Init       stm32f4xx_tim.o
    0x08004164   0x00000014   Code   RO         3386    i.TIM_OC4PreloadConfig  stm32f4xx_tim.o
    0x08004178   0x00000004   Code   RO         3402    i.TIM_SetCompare1   stm32f4xx_tim.o
    0x0800417c   0x00000004   Code   RO         3403    i.TIM_SetCompare2   stm32f4xx_tim.o
    0x08004180   0x00000004   Code   RO         3404    i.TIM_SetCompare3   stm32f4xx_tim.o
    0x08004184   0x00000004   Code   RO         3405    i.TIM_SetCompare4   stm32f4xx_tim.o
    0x08004188   0x0000007c   Code   RO         3412    i.TIM_TimeBaseInit  stm32f4xx_tim.o
    0x08004204   0x00000040   Code   RO         8487    i.TcpServerSendDataBlocking  tcp_server.o
    0x08004244   0x00000064   Code   RO          465    i.USART1_IRQHandler  usart.o
    0x080042a8   0x00000004   Code   RO          903    i.USART3_IRQHandler  uart_syslink.o
    0x080042ac   0x00000006   Code   RO         3873    i.USART_ClearFlag   stm32f4xx_usart.o
    0x080042b2   0x00000014   Code   RO         3877    i.USART_Cmd         stm32f4xx_usart.o
    0x080042c6   0x00000010   Code   RO         3878    i.USART_DMACmd      stm32f4xx_usart.o
    0x080042d6   0x0000003e   Code   RO         3881    i.USART_GetITStatus  stm32f4xx_usart.o
    0x08004314   0x00000030   Code   RO         3883    i.USART_ITConfig    stm32f4xx_usart.o
    0x08004344   0x000000ac   Code   RO         3884    i.USART_Init        stm32f4xx_usart.o
    0x080043f0   0x00000008   Code   RO         3891    i.USART_ReceiveData  stm32f4xx_usart.o
    0x080043f8   0x00000008   Code   RO         3894    i.USART_SendData    stm32f4xx_usart.o
    0x08004400   0x0000000e   Code   RO         7836    i.USBD_ClrCfg       usbd_core.o
    0x0800440e   0x00000012   Code   RO         7933    i.USBD_CtlContinueRx  usbd_ioreq.o
    0x08004420   0x00000012   Code   RO         7934    i.USBD_CtlContinueSendData  usbd_ioreq.o
    0x08004432   0x0000001c   Code   RO         7989    i.USBD_CtlError     usbd_req.o
    0x0800444e   0x00000020   Code   RO         7935    i.USBD_CtlPrepareRx  usbd_ioreq.o
    0x0800446e   0x00000022   Code   RO         7936    i.USBD_CtlReceiveStatus  usbd_ioreq.o
    0x08004490   0x00000020   Code   RO         7937    i.USBD_CtlSendData  usbd_ioreq.o
    0x080044b0   0x00000022   Code   RO         7938    i.USBD_CtlSendStatus  usbd_ioreq.o
    0x080044d2   0x00000002   PAD
    0x080044d4   0x000000bc   Code   RO         7837    i.USBD_DataInStage  usbd_core.o
    0x08004590   0x00000078   Code   RO         7838    i.USBD_DataOutStage  usbd_core.o
    0x08004608   0x000000b8   Code   RO         7990    i.USBD_GetDescriptor  usbd_req.o
    0x080046c0   0x00000046   Code   RO         7991    i.USBD_GetString    usbd_req.o
    0x08004706   0x00000034   Code   RO         7840    i.USBD_Init         usbd_core.o
    0x0800473a   0x0000000e   Code   RO         7841    i.USBD_IsoINIncomplete  usbd_core.o
    0x08004748   0x0000000e   Code   RO         7842    i.USBD_IsoOUTIncomplete  usbd_core.o
    0x08004756   0x00000002   PAD
    0x08004758   0x000000f0   Code   RO         7784    i.USBD_OTG_ISR_Handler  usb_dcd_int.o
    0x08004848   0x00000044   Code   RO         7992    i.USBD_ParseSetupRequest  usbd_req.o
    0x0800488c   0x0000002e   Code   RO         7843    i.USBD_Reset        usbd_core.o
    0x080048ba   0x00000016   Code   RO         7844    i.USBD_Resume       usbd_core.o
    0x080048d0   0x00000010   Code   RO         7845    i.USBD_SOF          usbd_core.o
    0x080048e0   0x0000001a   Code   RO         7846    i.USBD_SetCfg       usbd_core.o
    0x080048fa   0x00000002   PAD
    0x080048fc   0x00000074   Code   RO         7993    i.USBD_SetConfig    usbd_req.o
    0x08004970   0x0000007c   Code   RO         7994    i.USBD_SetFeature   usbd_req.o
    0x080049ec   0x00000048   Code   RO         7847    i.USBD_SetupStage   usbd_core.o
    0x08004a34   0x000000f0   Code   RO         7995    i.USBD_StdDevReq    usbd_req.o
    0x08004b24   0x000000f0   Code   RO         7996    i.USBD_StdEPReq     usbd_req.o
    0x08004c14   0x00000036   Code   RO         7997    i.USBD_StdItfReq    usbd_req.o
    0x08004c4a   0x0000001c   Code   RO         7848    i.USBD_Suspend      usbd_core.o
    0x08004c66   0x00000002   PAD
    0x08004c68   0x00000020   Code   RO         8242    i.USBD_USR_ConfigStrDescriptor  usbd_desc.o
    0x08004c88   0x0000000c   Code   RO         8313    i.USBD_USR_DeviceConfigured  usbd_usr.o
    0x08004c94   0x0000000c   Code   RO         8314    i.USBD_USR_DeviceConnected  usbd_usr.o
    0x08004ca0   0x0000000c   Code   RO         8243    i.USBD_USR_DeviceDescriptor  usbd_desc.o
    0x08004cac   0x0000000c   Code   RO         8315    i.USBD_USR_DeviceDisconnected  usbd_usr.o
    0x08004cb8   0x00000002   Code   RO         8316    i.USBD_USR_DeviceReset  usbd_usr.o
    0x08004cba   0x00000002   Code   RO         8317    i.USBD_USR_DeviceResumed  usbd_usr.o
    0x08004cbc   0x0000000c   Code   RO         8318    i.USBD_USR_DeviceSuspended  usbd_usr.o
    0x08004cc8   0x00000002   Code   RO         8319    i.USBD_USR_Init     usbd_usr.o
    0x08004cca   0x00000002   PAD
    0x08004ccc   0x00000024   Code   RO         8244    i.USBD_USR_InterfaceStrDescriptor  usbd_desc.o
    0x08004cf0   0x0000000c   Code   RO         8245    i.USBD_USR_LangIDStrDescriptor  usbd_desc.o
    0x08004cfc   0x00000028   Code   RO         8246    i.USBD_USR_ManufacturerStrDescriptor  usbd_desc.o
    0x08004d24   0x00000064   Code   RO         8247    i.USBD_USR_ProductStrDescriptor  usbd_desc.o
    0x08004d88   0x00000038   Code   RO         8248    i.USBD_USR_SerialStrDescriptor  usbd_desc.o
    0x08004dc0   0x0000000c   Code   RO         8062    i.USBD_cdc_GetCfgDesc  usbd_cdc_core.o
    0x08004dcc   0x0000002a   Code   RO         8137    i.USB_OTG_BSP_EnableInterrupt  usb_bsp.o
    0x08004df6   0x00000002   PAD
    0x08004df8   0x0000005c   Code   RO         8138    i.USB_OTG_BSP_Init  usb_bsp.o
    0x08004e54   0x0000000a   Code   RO         8139    i.USB_OTG_BSP_mDelay  usb_bsp.o
    0x08004e5e   0x00000016   Code   RO         8140    i.USB_OTG_BSP_uDelay  usb_bsp.o
    0x08004e74   0x00000080   Code   RO         7461    i.USB_OTG_CoreInit  usb_core.o
    0x08004ef4   0x0000012e   Code   RO         7462    i.USB_OTG_CoreInitDev  usb_core.o
    0x08005022   0x00000002   PAD
    0x08005024   0x00000058   Code   RO         7463    i.USB_OTG_CoreReset  usb_core.o
    0x0800507c   0x00000010   Code   RO         7464    i.USB_OTG_DisableGlobalInt  usb_core.o
    0x0800508c   0x00000036   Code   RO         7465    i.USB_OTG_EP0Activate  usb_core.o
    0x080050c2   0x00000002   PAD
    0x080050c4   0x000000ae   Code   RO         7466    i.USB_OTG_EP0StartXfer  usb_core.o
    0x08005172   0x00000002   PAD
    0x08005174   0x00000024   Code   RO         7467    i.USB_OTG_EP0_OutStart  usb_core.o
    0x08005198   0x00000052   Code   RO         7468    i.USB_OTG_EPActivate  usb_core.o
    0x080051ea   0x00000032   Code   RO         7469    i.USB_OTG_EPClearStall  usb_core.o
    0x0800521c   0x00000034   Code   RO         7470    i.USB_OTG_EPDeactivate  usb_core.o
    0x08005250   0x00000030   Code   RO         7471    i.USB_OTG_EPSetStall  usb_core.o
    0x08005280   0x00000128   Code   RO         7472    i.USB_OTG_EPStartXfer  usb_core.o
    0x080053a8   0x00000048   Code   RO         7473    i.USB_OTG_EnableDevInt  usb_core.o
    0x080053f0   0x00000010   Code   RO         7474    i.USB_OTG_EnableGlobalInt  usb_core.o
    0x08005400   0x00000038   Code   RO         7475    i.USB_OTG_FlushRxFifo  usb_core.o
    0x08005438   0x00000040   Code   RO         7476    i.USB_OTG_FlushTxFifo  usb_core.o
    0x08005478   0x0000001e   Code   RO         7477    i.USB_OTG_GetDeviceSpeed  usb_core.o
    0x08005496   0x0000000c   Code   RO         7480    i.USB_OTG_InitDevSpeed  usb_core.o
    0x080054a2   0x00000012   Code   RO         7481    i.USB_OTG_IsDeviceMode  usb_core.o
    0x080054b4   0x0000000a   Code   RO         7483    i.USB_OTG_ReadCoreItr  usb_core.o
    0x080054be   0x0000000c   Code   RO         7484    i.USB_OTG_ReadDevAllInEPItr  usb_core.o
    0x080054ca   0x0000000c   Code   RO         7485    i.USB_OTG_ReadDevAllOutEp_itr  usb_core.o
    0x080054d6   0x00000010   Code   RO         7486    i.USB_OTG_ReadDevOutEP_itr  usb_core.o
    0x080054e6   0x00000020   Code   RO         7488    i.USB_OTG_ReadPacket  usb_core.o
    0x08005506   0x00000002   PAD
    0x08005508   0x000000c0   Code   RO         7489    i.USB_OTG_SelectCore  usb_core.o
    0x080055c8   0x0000002a   Code   RO         7490    i.USB_OTG_SetCurrentMode  usb_core.o
    0x080055f2   0x00000028   Code   RO         7494    i.USB_OTG_WritePacket  usb_core.o
    0x0800561a   0x00000002   PAD
    0x0800561c   0x00000044   Code   RO          829    i.UsageFault_Handler  nvic.o
    0x08005660   0x00000054   Code   RO         8175    i.VCP_Ctrl          usbd_cdc_vcp.o
    0x080056b4   0x00000034   Code   RO         8176    i.VCP_DataRx        usbd_cdc_vcp.o
    0x080056e8   0x0000003c   Code   RO         8177    i.VCP_DataTx        usbd_cdc_vcp.o
    0x08005724   0x00000004   Code   RO         8178    i.VCP_DeInit        usbd_cdc_vcp.o
    0x08005728   0x00000004   Code   RO         8179    i.VCP_Init          usbd_cdc_vcp.o
    0x0800572c   0x00000020   Code   RO        10714    i.__0printf         mc_w.l(printfa.o)
    0x0800574c   0x00000028   Code   RO        10716    i.__0sprintf        mc_w.l(printfa.o)
    0x08005774   0x00000030   Code   RO        10794    i.__ARM_fpclassify  m_wm.l(fpclassify.o)
    0x080057a4   0x00000048   Code   RO        10450    i.__hardfp_lrintf   m_wm.l(lrintf.o)
    0x080057ec   0x00000004   PAD
    0x080057f0   0x00000c50   Code   RO        10398    i.__hardfp_pow      m_wm.l(pow.o)
    0x08006440   0x0000007a   Code   RO        10426    i.__hardfp_sqrt     m_wm.l(sqrt.o)
    0x080064ba   0x0000003a   Code   RO        10438    i.__hardfp_sqrtf    m_wm.l(sqrtf.o)
    0x080064f4   0x000000f8   Code   RO        10812    i.__kernel_poly     m_wm.l(poly.o)
    0x080065ec   0x00000004   PAD
    0x080065f0   0x00000030   Code   RO        10774    i.__mathlib_dbl_divzero  m_wm.l(dunder.o)
    0x08006620   0x00000014   Code   RO        10776    i.__mathlib_dbl_infnan2  m_wm.l(dunder.o)
    0x08006634   0x00000004   PAD
    0x08006638   0x00000020   Code   RO        10777    i.__mathlib_dbl_invalid  m_wm.l(dunder.o)
    0x08006658   0x00000020   Code   RO        10778    i.__mathlib_dbl_overflow  m_wm.l(dunder.o)
    0x08006678   0x00000020   Code   RO        10780    i.__mathlib_dbl_underflow  m_wm.l(dunder.o)
    0x08006698   0x0000000e   Code   RO        10871    i.__scatterload_copy  mc_w.l(handlers.o)
    0x080066a6   0x00000002   Code   RO        10872    i.__scatterload_null  mc_w.l(handlers.o)
    0x080066a8   0x0000000e   Code   RO        10873    i.__scatterload_zeroinit  mc_w.l(handlers.o)
    0x080066b6   0x00000002   PAD
    0x080066b8   0x0000000c   Code   RO        10839    i.__set_errno       mc_w.l(errno.o)
    0x080066c4   0x00000184   Code   RO        10721    i._fp_digits        mc_w.l(printfa.o)
    0x08006848   0x000006dc   Code   RO        10722    i._printf_core      mc_w.l(printfa.o)
    0x08006f24   0x00000024   Code   RO        10723    i._printf_post_padding  mc_w.l(printfa.o)
    0x08006f48   0x0000002e   Code   RO        10724    i._printf_pre_padding  mc_w.l(printfa.o)
    0x08006f76   0x0000000a   Code   RO        10726    i._sputc            mc_w.l(printfa.o)
    0x08006f80   0x00000040   Code   RO         5543    i.accInit           accelerometer.o
    0x08006fc0   0x00000014   Code   RO         5544    i.accIsCalibrationComplete  accelerometer.o
    0x08006fd4   0x0000000c   Code   RO         5545    i.accSetCalibrationCycles  accelerometer.o
    0x08006fe0   0x0000010c   Code   RO         5546    i.accUpdate         accelerometer.o
    0x080070ec   0x00000068   Code   RO         4818    i.acos_approx       maths.o
    0x08007154   0x0000010c   Code   RO         1203    i.adc1Init          adc1.o
    0x08007260   0x000000cc   Code   RO         5709    i.applyBoardAlignment  sensorsalignment.o
    0x0800732c   0x00000060   Code   RO         5710    i.applySensorAlignment  sensorsalignment.o
    0x0800738c   0x0000001c   Code   RO         9968    i.arp_timer         timers_1.o
    0x080073a8   0x00000040   Code   RO         4634    i.assertFail        debug_assert.o
    0x080073e8   0x000000e0   Code   RO         4821    i.atan2_approx      maths.o
    0x080074c8   0x00000034   Code   RO         5050    i.atkpAckPacket     atkp.o
    0x080074fc   0x0000002a   Code   RO         5051    i.atkpCheckSum      atkp.o
    0x08007526   0x00000002   PAD
    0x08007528   0x00000054   Code   RO         5052    i.atkpInit          atkp.o
    0x0800757c   0x000000cc   Code   RO         5266    i.atkpPacketDispatch  radiolink.o
    0x08007648   0x000002a8   Code   RO         5053    i.atkpReceiveAnl    atkp.o
    0x080078f0   0x00000084   Code   RO         5054    i.atkpReceivePacketBlocking  atkp.o
    0x08007974   0x00000020   Code   RO         5055    i.atkpRxAnlTask     atkp.o
    0x08007994   0x00000028   Code   RO         5056    i.atkpSendPacket    atkp.o
    0x080079bc   0x00000080   Code   RO         5057    i.atkpSendPeriod    atkp.o
    0x08007a3c   0x00000010   Code   RO         5058    i.atkpTxTask        atkp.o
    0x08007a4c   0x00000014   Code   RO         5459    i.baroInit          barometer.o
    0x08007a60   0x00000004   Code   RO         5460    i.baroUpdate        barometer.o
    0x08007a64   0x00000042   Code   RO         4711    i.biquadFilterApply  filter.o
    0x08007aa6   0x00000002   PAD
    0x08007aa8   0x000000e4   Code   RO         4712    i.biquadFilterInit  filter.o
    0x08007b8c   0x0000002c   Code   RO         4713    i.biquadFilterInitLPF  filter.o
    0x08007bb8   0x000000b8   Code   RO         4823    i.buildRotationMatrix  maths.o
    0x08007c70   0x00000020   Code   RO         5189    i.commInit          comm.o
    0x08007c90   0x00000014   Code   RO         5190    i.commTest          comm.o
    0x08007ca4   0x0000000c   Code   RO         5604    i.compassInit       compass.o
    0x08007cb0   0x00000018   Code   RO         5605    i.compassIsHealthy  compass.o
    0x08007cc8   0x00000030   Code   RO         5607    i.compassSetCalibrationStart  compass.o
    0x08007cf8   0x00000150   Code   RO         5608    i.compassUpdate     compass.o
    0x08007e48   0x00000022   Code   RO          518    i.configParamCksum  config_param.o
    0x08007e6a   0x00000002   PAD
    0x08007e6c   0x000000d8   Code   RO          520    i.configParamInit   config_param.o
    0x08007f44   0x00000034   Code   RO          521    i.configParamRestoreFactory  config_param.o
    0x08007f78   0x0000000c   Code   RO          523    i.configParamTest   config_param.o
    0x08007f84   0x00000040   Code   RO         5217    i.consoleInit       console.o
    0x08007fc4   0x0000000c   Code   RO         5221    i.consoleTest       console.o
    0x08007fd0   0x00000068   Code   RO         6226    i.controlUpDown     motor_control.o
    0x08008038   0x00000010   Code   RO         4826    i.cos_approx        maths.o
    0x08008048   0x00000018   Code   RO         4827    i.degreesToRadians  maths.o
    0x08008060   0x00000038   Code   RO          397    i.delay_init        delay.o
    0x08008098   0x00000038   Code   RO          398    i.delay_ms          delay.o
    0x080080d0   0x00000034   Code   RO          399    i.delay_us          delay.o
    0x08008104   0x0000001a   Code   RO          400    i.delay_xms         delay.o
    0x0800811e   0x00000006   Code   RO         4828    i.devClear          maths.o
    0x08008124   0x00000058   Code   RO         4829    i.devPush           maths.o
    0x0800817c   0x0000000e   Code   RO         4830    i.devStandardDeviation  maths.o
    0x0800818a   0x00000002   PAD
    0x0800818c   0x00000024   Code   RO         4831    i.devVariance       maths.o
    0x080081b0   0x00000064   Code   RO         1485    i.drv_pressure_meas_ms5837_init  ms5837.o
    0x08008214   0x000000e0   Code   RO         1486    i.drv_pressure_meas_ms5837_read  ms5837.o
    0x080082f4   0x00000150   Code   RO         8595    i.etharp_arp_input  etharp.o
    0x08008444   0x0000024c   Code   RO         8598    i.etharp_find_entry  etharp.o
    0x08008690   0x00000024   Code   RO         8599    i.etharp_free_entry  etharp.o
    0x080086b4   0x000001b4   Code   RO         8600    i.etharp_output     etharp.o
    0x08008868   0x000000dc   Code   RO         8601    i.etharp_output_to_arp_index  etharp.o
    0x08008944   0x000001c0   Code   RO         8602    i.etharp_query      etharp.o
    0x08008b04   0x00000178   Code   RO         8603    i.etharp_raw        etharp.o
    0x08008c7c   0x00000024   Code   RO         8604    i.etharp_request    etharp.o
    0x08008ca0   0x000000a0   Code   RO         8605    i.etharp_send_ip    etharp.o
    0x08008d40   0x00000048   Code   RO         8606    i.etharp_tmr        etharp.o
    0x08008d88   0x00000110   Code   RO         8607    i.etharp_update_arp_entry  etharp.o
    0x08008e98   0x00000118   Code   RO         8608    i.ethernet_input    etharp.o
    0x08008fb0   0x0000009c   Code   RO         8701    i.ethernetif_init   ethernetif.o
    0x0800904c   0x00000078   Code   RO         8702    i.ethernetif_input  ethernetif.o
    0x080090c4   0x00000088   Code   RO          623    i.extiInit          exti.o
    0x0800914c   0x00000018   Code   RO        10790    i.fabs              m_wm.l(fabs.o)
    0x08009164   0x00000014   Code   RO          467    i.fputc             usart.o
    0x08009178   0x0000015c   Code   RO         5547    i.getPrimaryAxisIndex  accelerometer.o
    0x080092d4   0x0000001c   Code   RO          830    i.getSysTickCnt     nvic.o
    0x080092f0   0x0000000c   Code   RO         8389    i.get_lwip_init_flag  lwip_comm.o
    0x080092fc   0x0000000c   Code   RO         8488    i.get_tcpclient_connected_status  tcp_server.o
    0x08009308   0x0000000c   Code   RO         8320    i.getusbConnectState  usbd_usr.o
    0x08009314   0x00000044   Code   RO         5655    i.gyroInit          gyro.o
    0x08009358   0x00000018   Code   RO         5656    i.gyroIsCalibrationComplete  gyro.o
    0x08009370   0x0000000c   Code   RO         5657    i.gyroSetCalibrationCycles  gyro.o
    0x0800937c   0x000000f4   Code   RO         5658    i.gyroUpdate        gyro.o
    0x08009470   0x00000100   Code   RO         5764    i.height_control    kalman.o
    0x08009570   0x00000008   Code   RO         8773    i.icmp_dest_unreach  icmp.o
    0x08009578   0x00000280   Code   RO         8774    i.icmp_input        icmp.o
    0x080097f8   0x000000f8   Code   RO         8775    i.icmp_send_response  icmp.o
    0x080098f0   0x00000008   Code   RO         8776    i.icmp_time_exceeded  icmp.o
    0x080098f8   0x000000bc   Code   RO         6100    i.imuComputeRotationMatrix  imu_1.o
    0x080099b4   0x00000020   Code   RO         6101    i.imuInit           imu_1.o
    0x080099d4   0x00000288   Code   RO         6102    i.imuMahonyAHRSupdate  imu_1.o
    0x08009c5c   0x000000b0   Code   RO         6105    i.imuUpdateAttitude  imu_1.o
    0x08009d0c   0x000000b8   Code   RO         6106    i.imuUpdateEulerAngles  imu_1.o
    0x08009dc4   0x0000000c   Code   RO         8848    i.inet_chksum       inet_chksum.o
    0x08009dd0   0x00000048   Code   RO         8849    i.inet_chksum_pbuf  inet_chksum.o
    0x08009e18   0x00000080   Code   RO         5711    i.initBoardAlignment  sensorsalignment.o
    0x08009e98   0x00000014   Code   RO         6107    i.invSqrt           imu_1.o
    0x08009eac   0x0000002e   Code   RO         8954    i.ip4_addr_isbroadcast  ip_addr.o
    0x08009eda   0x00000002   PAD
    0x08009edc   0x000001f4   Code   RO         9016    i.ip_frag           ip_frag.o
    0x0800a0d0   0x00000084   Code   RO         9017    i.ip_frag_free_pbuf_custom_ref  ip_frag.o
    0x0800a154   0x0000015c   Code   RO         8891    i.ip_input          ip.o
    0x0800a2b0   0x000000a8   Code   RO         8892    i.ip_output         ip.o
    0x0800a358   0x00000164   Code   RO         8893    i.ip_output_if      ip.o
    0x0800a4bc   0x0000018c   Code   RO         9018    i.ip_reass          ip_frag.o
    0x0800a648   0x0000027c   Code   RO         9019    i.ip_reass_chain_frag_into_datagram_and_validate  ip_frag.o
    0x0800a8c4   0x000000ac   Code   RO         9020    i.ip_reass_dequeue_datagram  ip_frag.o
    0x0800a970   0x00000180   Code   RO         9021    i.ip_reass_free_complete_datagram  ip_frag.o
    0x0800aaf0   0x0000006c   Code   RO         9022    i.ip_reass_remove_oldest_datagram  ip_frag.o
    0x0800ab5c   0x0000001c   Code   RO         9969    i.ip_reass_timer    timers_1.o
    0x0800ab78   0x0000002c   Code   RO         9023    i.ip_reass_tmr      ip_frag.o
    0x0800aba4   0x00000040   Code   RO         8894    i.ip_route          ip.o
    0x0800abe4   0x0000008c   Code   RO         9024    i.ipfrag_free_pbuf_custom  ip_frag.o
    0x0800ac70   0x000000a4   Code   RO         5335    i.lanSendPacket     lanlink.o
    0x0800ad14   0x00000084   Code   RO         5336    i.lanlinkAckPacket  lanlink.o
    0x0800ad98   0x00000080   Code   RO         5338    i.lanlinkInit       lanlink.o
    0x0800ae18   0x00000160   Code   RO         5339    i.lanlinkRxTask     lanlink.o
    0x0800af78   0x00000084   Code   RO         5340    i.lanlinkSendPacket  lanlink.o
    0x0800affc   0x0000006c   Code   RO         5342    i.lanlinkTxTask     lanlink.o
    0x0800b068   0x00000038   Code   RO         6179    i.ledControl        led_control.o
    0x0800b0a0   0x00000004   Code   RO         6180    i.ledControlInit    led_control.o
    0x0800b0a4   0x00000004   Code   RO         6181    i.ledControlTest    led_control.o
    0x0800b0a8   0x00000104   Code   RO         1229    i.ledsInit          leds.o
    0x0800b1ac   0x00000028   Code   RO         1230    i.ledsSetRatio      leds.o
    0x0800b1d4   0x00000050   Code   RO         1231    i.ledsTest          leds.o
    0x0800b224   0x00000094   Code   RO         8703    i.low_level_init    ethernetif.o
    0x0800b2b8   0x00000034   Code   RO         8704    i.low_level_output  ethernetif.o
    0x0800b2ec   0x0000004c   Code   RO         8390    i.lwip_comm_default_ip_set  lwip_comm.o
    0x0800b338   0x0000019c   Code   RO         8391    i.lwip_comm_init    lwip_comm.o
    0x0800b4d4   0x00000024   Code   RO         8392    i.lwip_comm_mem_free  lwip_comm.o
    0x0800b4f8   0x0000003c   Code   RO         8393    i.lwip_comm_mem_malloc  lwip_comm.o
    0x0800b534   0x00000004   Code   RO         9080    i.lwip_htonl        def.o
    0x0800b538   0x00000004   Code   RO         9081    i.lwip_htons        def.o
    0x0800b53c   0x0000001e   Code   RO         9146    i.lwip_init         init.o
    0x0800b55a   0x00000004   Code   RO         9082    i.lwip_ntohl        def.o
    0x0800b55e   0x00000004   Code   RO         9083    i.lwip_ntohs        def.o
    0x0800b562   0x00000002   PAD
    0x0800b564   0x00000034   Code   RO         8394    i.lwip_periodic_handle  lwip_comm.o
    0x0800b598   0x0000000c   Code   RO         8395    i.lwip_pkt_handle   lwip_comm.o
    0x0800b5a4   0x00000058   Code   RO         8852    i.lwip_standard_chksum  inet_chksum.o
    0x0800b5fc   0x000000b0   Code   RO          994    i.lwip_test         system.o
    0x0800b6ac   0x000000dc   Code   RO         5988    i.mag_calibration   sensors.o
    0x0800b788   0x00000038   Code   RO            3    i.main              main.o
    0x0800b7c0   0x00000114   Code   RO         9185    i.mem_free          mem.o
    0x0800b8d4   0x00000030   Code   RO         9186    i.mem_init          mem.o
    0x0800b904   0x000001f4   Code   RO         9187    i.mem_malloc        mem.o
    0x0800baf8   0x00000038   Code   RO        10257    i.mem_perused       malloc.o
    0x0800bb30   0x0000017c   Code   RO         9188    i.mem_trim          mem.o
    0x0800bcac   0x0000009c   Code   RO         9236    i.memp_free         memp.o
    0x0800bd48   0x00000006   Code   RO         9237    i.memp_get_memorysize  memp.o
    0x0800bd4e   0x00000002   PAD
    0x0800bd50   0x00000060   Code   RO         9238    i.memp_init         memp.o
    0x0800bdb0   0x000000d8   Code   RO         9239    i.memp_malloc       memp.o
    0x0800be88   0x0000029c   Code   RO         6229    i.motorControl      motor_control.o
    0x0800c124   0x0000000e   Code   RO         6230    i.motorControlInit  motor_control.o
    0x0800c132   0x00000004   Code   RO         6231    i.motorControlTest  motor_control.o
    0x0800c136   0x00000002   PAD
    0x0800c138   0x00000208   Code   RO          768    i.motorsInit        motors.o
    0x0800c340   0x0000005c   Code   RO          769    i.motorsSetRatio    motors.o
    0x0800c39c   0x00000030   Code   RO          770    i.motorsTest        motors.o
    0x0800c3cc   0x00000018   Code   RO        10258    i.myfree            malloc.o
    0x0800c3e4   0x00000020   Code   RO        10259    i.mymalloc          malloc.o
    0x0800c404   0x00000058   Code   RO        10260    i.mymem_free        malloc.o
    0x0800c45c   0x0000003c   Code   RO        10261    i.mymem_init        malloc.o
    0x0800c498   0x00000090   Code   RO        10262    i.mymem_malloc      malloc.o
    0x0800c528   0x0000000e   Code   RO        10264    i.mymemset          malloc.o
    0x0800c536   0x00000002   PAD
    0x0800c538   0x000000cc   Code   RO         9288    i.netif_add         netif.o
    0x0800c604   0x00000002   Code   RO         9290    i.netif_init        netif.o
    0x0800c606   0x00000020   Code   RO         9292    i.netif_set_addr    netif.o
    0x0800c626   0x00000002   PAD
    0x0800c628   0x0000000c   Code   RO         9293    i.netif_set_default  netif.o
    0x0800c634   0x00000008   Code   RO         9295    i.netif_set_gw      netif.o
    0x0800c63c   0x00000068   Code   RO         9296    i.netif_set_ipaddr  netif.o
    0x0800c6a4   0x00000008   Code   RO         9299    i.netif_set_netmask  netif.o
    0x0800c6ac   0x00000020   Code   RO         9300    i.netif_set_up      netif.o
    0x0800c6cc   0x00000008   Code   RO          831    i.nvicInit          nvic.o
    0x0800c6d4   0x00000358   Code   RO         9386    i.pbuf_alloc        pbuf.o
    0x0800ca2c   0x000000d8   Code   RO         9387    i.pbuf_alloced_custom  pbuf.o
    0x0800cb04   0x00000128   Code   RO         9388    i.pbuf_cat          pbuf.o
    0x0800cc2c   0x00000012   Code   RO         9390    i.pbuf_clen         pbuf.o
    0x0800cc3e   0x00000002   PAD
    0x0800cc40   0x000001e0   Code   RO         9392    i.pbuf_copy         pbuf.o
    0x0800ce20   0x00000114   Code   RO         9393    i.pbuf_copy_partial  pbuf.o
    0x0800cf34   0x0000015c   Code   RO         9395    i.pbuf_free         pbuf.o
    0x0800d090   0x00000118   Code   RO         9397    i.pbuf_header       pbuf.o
    0x0800d1a8   0x00000188   Code   RO         9400    i.pbuf_realloc      pbuf.o
    0x0800d330   0x0000000c   Code   RO         9401    i.pbuf_ref          pbuf.o
    0x0800d33c   0x0000013c   Code   RO         9403    i.pbuf_take         pbuf.o
    0x0800d478   0x00000198   Code   RO         5548    i.performAcclerationCalibration  accelerometer.o
    0x0800d610   0x000000a8   Code   RO         5659    i.performGyroCalibration  gyro.o
    0x0800d6b8   0x0000016c   Code   RO         9189    i.plug_holes        mem.o
    0x0800d824   0x00000020   Code   RO         5854    i.pmInit            pm.o
    0x0800d844   0x0000018c   Code   RO         5856    i.pmTask            pm.o
    0x0800d9d0   0x0000005c   Code   RO         4635    i.printAssertSnapshotData  debug_assert.o
    0x0800da2c   0x00000190   Code   RO          832    i.printHardFault    nvic.o
    0x0800dbbc   0x00000070   Code   RO         6832    i.prvAddCurrentTaskToDelayedList  tasks.o
    0x0800dc2c   0x000000d4   Code   RO         6833    i.prvAddNewTaskToReadyList  tasks.o
    0x0800dd00   0x00000050   Code   RO         7213    i.prvCheckForValidListAndQueue  timers.o
    0x0800dd50   0x00000050   Code   RO         6834    i.prvCheckTasksWaitingTermination  tasks.o
    0x0800dda0   0x00000026   Code   RO         6594    i.prvCopyDataFromQueue  queue.o
    0x0800ddc6   0x0000006c   Code   RO         6595    i.prvCopyDataToQueue  queue.o
    0x0800de32   0x00000014   Code   RO         6835    i.prvDeleteTCB      tasks.o
    0x0800de46   0x00000002   PAD
    0x0800de48   0x0000004c   Code   RO         7403    i.prvHeapInit       heap_4.o
    0x0800de94   0x0000000a   Code   RO         6836    i.prvIdleTask       tasks.o
    0x0800de9e   0x0000008c   Code   RO         6837    i.prvInitialiseNewTask  tasks.o
    0x0800df2a   0x00000002   PAD
    0x0800df2c   0x0000004c   Code   RO         7404    i.prvInsertBlockIntoFreeList  heap_4.o
    0x0800df78   0x00000038   Code   RO         7214    i.prvInsertTimerInActiveList  timers.o
    0x0800dfb0   0x0000001c   Code   RO         6596    i.prvIsQueueEmpty   queue.o
    0x0800dfcc   0x00000044   Code   RO         6597    i.prvNotifyQueueSetContainer  queue.o
    0x0800e010   0x00000098   Code   RO         7215    i.prvProcessReceivedCommands  timers.o
    0x0800e0a8   0x000000a4   Code   RO         7216    i.prvProcessTimerOrBlockTask  timers.o
    0x0800e14c   0x00000020   Code   RO         6839    i.prvResetNextTaskUnblockTime  tasks.o
    0x0800e16c   0x00000028   Code   RO         7217    i.prvSampleTimeNow  timers.o
    0x0800e194   0x00000058   Code   RO         7218    i.prvSwitchTimerLists  timers.o
    0x0800e1ec   0x00000010   Code   RO         7325    i.prvTaskExitError  port.o
    0x0800e1fc   0x00000024   Code   RO         7219    i.prvTimerTask      timers.o
    0x0800e220   0x00000078   Code   RO         6598    i.prvUnlockQueue    queue.o
    0x0800e298   0x00000054   Code   RO         4721    i.pt1FilterApply4   filter.o
    0x0800e2ec   0x000000a4   Code   RO         7405    i.pvPortMalloc      heap_4.o
    0x0800e390   0x00000018   Code   RO         6842    i.pvTaskIncrementMutexHeldCount  tasks.o
    0x0800e3a8   0x0000002c   Code   RO         7326    i.pxPortInitialiseStack  port.o
    0x0800e3d4   0x00000084   Code   RO         5267    i.radiolinkAckPacket  radiolink.o
    0x0800e458   0x00000088   Code   RO         5269    i.radiolinkInit     radiolink.o
    0x0800e4e0   0x00000104   Code   RO         5270    i.radiolinkRxTask   radiolink.o
    0x0800e5e4   0x00000084   Code   RO         5271    i.radiolinkSendPacket  radiolink.o
    0x0800e668   0x0000006c   Code   RO         5273    i.radiolinkTxTask   radiolink.o
    0x0800e6d4   0x00000074   Code   RO         9509    i.raw_input         raw.o
    0x0800e748   0x00000044   Code   RO          995    i.read_paraments    system.o
    0x0800e78c   0x00000030   Code   RO          524    i.saveConfigAndNotify  config_param.o
    0x0800e7bc   0x00000022   Code   RO         5059    i.sendCheck         atkp.o
    0x0800e7de   0x00000002   PAD
    0x0800e7e0   0x000000f4   Code   RO         5060    i.sendStatus        atkp.o
    0x0800e8d4   0x00000098   Code   RO         5061    i.sendStatus1       atkp.o
    0x0800e96c   0x000001ea   Code   RO         4843    i.sensorCalibrationPushSampleForOffsetCalculation  maths.o
    0x0800eb56   0x00000074   Code   RO         4844    i.sensorCalibrationPushSampleForScaleCalculation  maths.o
    0x0800ebca   0x00000002   PAD
    0x0800ebcc   0x00000034   Code   RO         4845    i.sensorCalibrationResetState  maths.o
    0x0800ec00   0x00000034   Code   RO         4846    i.sensorCalibrationSolveForOffset  maths.o
    0x0800ec34   0x00000030   Code   RO         4847    i.sensorCalibrationSolveForScale  maths.o
    0x0800ec64   0x00000054   Code   RO         4848    i.sensorCalibration_BackwardSubstitution  maths.o
    0x0800ecb8   0x00000042   Code   RO         4849    i.sensorCalibration_ForwardSubstitution  maths.o
    0x0800ecfa   0x00000002   PAD
    0x0800ecfc   0x0000003c   Code   RO         4850    i.sensorCalibration_SolveLGS  maths.o
    0x0800ed38   0x00000098   Code   RO         4851    i.sensorCalibration_gaussLR  maths.o
    0x0800edd0   0x00000024   Code   RO         5989    i.sensorsAcquire    sensors.o
    0x0800edf4   0x0000007c   Code   RO         5990    i.sensorsInit       sensors.o
    0x0800ee70   0x0000001c   Code   RO         5992    i.sensorsReadAcc    sensors.o
    0x0800ee8c   0x0000001c   Code   RO         5993    i.sensorsReadBaro   sensors.o
    0x0800eea8   0x0000001c   Code   RO         5994    i.sensorsReadGyro   sensors.o
    0x0800eec4   0x0000001c   Code   RO         5995    i.sensorsReadMag    sensors.o
    0x0800eee0   0x000000bc   Code   RO         5996    i.sensorsTask       sensors.o
    0x0800ef9c   0x00000010   Code   RO         6182    i.setLedPWM         led_control.o
    0x0800efac   0x0000000c   Code   RO         8396    i.set_lwip_init_flag  lwip_comm.o
    0x0800efb8   0x000000c0   Code   RO         4852    i.sin_approx        maths.o
    0x0800f078   0x000000c0   Code   RO         1434    i.spi1Init          spi1.o
    0x0800f138   0x00000034   Code   RO         1435    i.spi1SetSpeed      spi1.o
    0x0800f16c   0x00000054   Code   RO         1437    i.spi1TransferByte  spi1.o
    0x0800f1c0   0x0000006e   Code   RO        10428    i.sqrt              m_wm.l(sqrt.o)
    0x0800f22e   0x00000002   PAD
    0x0800f230   0x00000020   Code   RO         6060    i.stabilizerInit    stabilizer.o
    0x0800f250   0x00000074   Code   RO         6061    i.stabilizerTask    stabilizer.o
    0x0800f2c4   0x00000010   Code   RO         6062    i.stabilizerTest    stabilizer.o
    0x0800f2d4   0x000001d4   Code   RO            4    i.startTask         main.o
    0x0800f4a8   0x00000014   Code   RO         4636    i.storeAssertSnapshotData  debug_assert.o
    0x0800f4bc   0x0000000c   Code   RO        10121    i.sys_now           sys_arch.o
    0x0800f4c8   0x00000100   Code   RO         9972    i.sys_timeout       timers_1.o
    0x0800f5c8   0x00000030   Code   RO         9973    i.sys_timeouts_init  timers_1.o
    0x0800f5f8   0x000001bc   Code   RO          996    i.systemInit        system.o
    0x0800f7b4   0x00000098   Code   RO         8490    i.tcpServerTask     tcp_server.o
    0x0800f84c   0x00000128   Code   RO         9585    i.tcp_abandon       tcp.o
    0x0800f974   0x00000006   Code   RO         9586    i.tcp_abort         tcp.o
    0x0800f97a   0x00000004   Code   RO         9587    i.tcp_accept        tcp.o
    0x0800f97e   0x00000006   Code   RO         9588    i.tcp_accept_null   tcp.o
    0x0800f984   0x000000f8   Code   RO         9589    i.tcp_alloc         tcp.o
    0x0800fa7c   0x00000004   Code   RO         9590    i.tcp_arg           tcp.o
    0x0800fa80   0x0000010c   Code   RO         9591    i.tcp_bind          tcp.o
    0x0800fb8c   0x00000014   Code   RO         9592    i.tcp_close         tcp.o
    0x0800fba0   0x000001a4   Code   RO         9593    i.tcp_close_shutdown  tcp.o
    0x0800fd44   0x0000009a   Code   RO         9862    i.tcp_create_segment  tcp_out.o
    0x0800fdde   0x00000020   Code   RO         9596    i.tcp_eff_send_mss  tcp.o
    0x0800fdfe   0x00000002   PAD
    0x0800fe00   0x00000220   Code   RO         9863    i.tcp_enqueue_flags  tcp_out.o
    0x08010020   0x00000098   Code   RO         9597    i.tcp_err           tcp.o
    0x080100b8   0x00000060   Code   RO         9598    i.tcp_fasttmr       tcp.o
    0x08010118   0x00000002   Code   RO         9599    i.tcp_init          tcp.o
    0x0801011a   0x00000002   PAD
    0x0801011c   0x0000051c   Code   RO         9806    i.tcp_input         tcp_in.o
    0x08010638   0x0000003c   Code   RO         9864    i.tcp_keepalive     tcp_out.o
    0x08010674   0x000000e4   Code   RO         9807    i.tcp_listen_input  tcp_in.o
    0x08010758   0x0000010c   Code   RO         9600    i.tcp_listen_with_backlog  tcp.o
    0x08010864   0x00000006   Code   RO         9601    i.tcp_new           tcp.o
    0x0801086a   0x00000002   PAD
    0x0801086c   0x0000005c   Code   RO         9602    i.tcp_new_port      tcp.o
    0x080108c8   0x00000010   Code   RO         9603    i.tcp_next_iss      tcp.o
    0x080108d8   0x00000248   Code   RO         9865    i.tcp_output        tcp_out.o
    0x08010b20   0x00000104   Code   RO         9866    i.tcp_output_alloc_header  tcp_out.o
    0x08010c24   0x000000b0   Code   RO         9867    i.tcp_output_segment  tcp_out.o
    0x08010cd4   0x00000080   Code   RO         9808    i.tcp_parseopt      tcp_in.o
    0x08010d54   0x000000d0   Code   RO         9868    i.tcp_pbuf_prealloc  tcp_out.o
    0x08010e24   0x0000003a   Code   RO         9604    i.tcp_pcb_purge     tcp.o
    0x08010e5e   0x00000002   PAD
    0x08010e60   0x00000104   Code   RO         9605    i.tcp_pcb_remove    tcp.o
    0x08010f64   0x00000098   Code   RO         9606    i.tcp_poll          tcp.o
    0x08010ffc   0x00000414   Code   RO         9809    i.tcp_process       tcp_in.o
    0x08011410   0x00000066   Code   RO         9607    i.tcp_process_refused_data  tcp.o
    0x08011476   0x00000002   PAD
    0x08011478   0x0000069c   Code   RO         9810    i.tcp_receive       tcp_in.o
    0x08011b14   0x00000098   Code   RO         9608    i.tcp_recv          tcp.o
    0x08011bac   0x00000024   Code   RO         9609    i.tcp_recv_null     tcp.o
    0x08011bd0   0x00000104   Code   RO         9610    i.tcp_recved        tcp.o
    0x08011cd4   0x00000052   Code   RO         9869    i.tcp_rexmit        tcp_out.o
    0x08011d26   0x00000058   Code   RO         9870    i.tcp_rexmit_fast   tcp_out.o
    0x08011d7e   0x0000002e   Code   RO         9871    i.tcp_rexmit_rto    tcp_out.o
    0x08011dac   0x00000110   Code   RO         9872    i.tcp_rst           tcp_out.o
    0x08011ebc   0x0000001c   Code   RO         9611    i.tcp_seg_free      tcp.o
    0x08011ed8   0x00000012   Code   RO         9612    i.tcp_segs_free     tcp.o
    0x08011eea   0x00000048   Code   RO         9873    i.tcp_send_empty_ack  tcp_out.o
    0x08011f32   0x00000044   Code   RO         9874    i.tcp_send_fin      tcp_out.o
    0x08011f76   0x00000002   PAD
    0x08011f78   0x00000098   Code   RO         9613    i.tcp_sent          tcp.o
    0x08012010   0x000000b0   Code   RO         8491    i.tcp_server_accept  tcp_server.o
    0x080120c0   0x0000004c   Code   RO         8492    i.tcp_server_connection_close  tcp_server.o
    0x0801210c   0x0000002c   Code   RO         8493    i.tcp_server_error  tcp_server.o
    0x08012138   0x00000060   Code   RO         8494    i.tcp_server_poll   tcp_server.o
    0x08012198   0x00000124   Code   RO         8495    i.tcp_server_recv   tcp_server.o
    0x080122bc   0x00000048   Code   RO         8496    i.tcp_server_remove_timewait  tcp_server.o
    0x08012304   0x0000004c   Code   RO         8497    i.tcp_server_senddata  tcp_server.o
    0x08012350   0x00000014   Code   RO         8498    i.tcp_server_sent   tcp_server.o
    0x08012364   0x0000018c   Code   RO         8499    i.tcp_server_test   tcp_server.o
    0x080124f0   0x00000004   Code   RO         9614    i.tcp_setprio       tcp.o
    0x080124f4   0x000004b0   Code   RO         9616    i.tcp_slowtmr       tcp.o
    0x080129a4   0x00000034   Code   RO         9975    i.tcp_timer_needed  timers_1.o
    0x080129d8   0x0000006c   Code   RO         9811    i.tcp_timewait_input  tcp_in.o
    0x08012a44   0x00000020   Code   RO         9617    i.tcp_tmr           tcp.o
    0x08012a64   0x000000b8   Code   RO         9618    i.tcp_update_rcv_ann_wnd  tcp.o
    0x08012b1c   0x00000568   Code   RO         9875    i.tcp_write         tcp_out.o
    0x08013084   0x00000134   Code   RO         9876    i.tcp_write_checks  tcp_out.o
    0x080131b8   0x0000008a   Code   RO         9877    i.tcp_zero_window_probe  tcp_out.o
    0x08013242   0x00000002   PAD
    0x08013244   0x00000038   Code   RO         9976    i.tcpip_tcp_timer   timers_1.o
    0x0801327c   0x00000088   Code   RO         8500    i.tcpserverInit     tcp_server.o
    0x08013304   0x00000024   Code   RO         8501    i.tcpslkGetDataWithTimout  tcp_server.o
    0x08013328   0x00000010   Code   RO         1487    i.to_uint32         ms5837.o
    0x08013338   0x00000088   Code   RO         5274    i.uartSendPacket    radiolink.o
    0x080133c0   0x000000ac   Code   RO          468    i.uart_init         usart.o
    0x0801346c   0x0000006c   Code   RO          904    i.uartslkDmaInit    uart_syslink.o
    0x080134d8   0x00000048   Code   RO          905    i.uartslkDmaIsr     uart_syslink.o
    0x08013520   0x00000024   Code   RO          906    i.uartslkGetDataWithTimout  uart_syslink.o
    0x08013544   0x00000140   Code   RO          907    i.uartslkInit       uart_syslink.o
    0x08013684   0x00000070   Code   RO          908    i.uartslkIsr        uart_syslink.o
    0x080136f4   0x00000098   Code   RO          911    i.uartslkSendDataDmaBlocking  uart_syslink.o
    0x0801378c   0x00000002   Code   RO        10038    i.udp_init          udp.o
    0x0801378e   0x00000002   PAD
    0x08013790   0x000001e8   Code   RO        10039    i.udp_input         udp.o
    0x08013978   0x00000050   Code   RO         5857    i.updateBatteryVoltage  pm.o
    0x080139c8   0x00000024   Code   RO         8180    i.usbGetDataWithTimout  usbd_cdc_vcp.o
    0x080139ec   0x00000064   Code   RO         8063    i.usbd_cdc_DataIn   usbd_cdc_core.o
    0x08013a50   0x00000034   Code   RO         8064    i.usbd_cdc_DataOut  usbd_cdc_core.o
    0x08013a84   0x00000028   Code   RO         8065    i.usbd_cdc_DeInit   usbd_cdc_core.o
    0x08013aac   0x00000028   Code   RO         8066    i.usbd_cdc_EP0_RxReady  usbd_cdc_core.o
    0x08013ad4   0x00000054   Code   RO         8067    i.usbd_cdc_Init     usbd_cdc_core.o
    0x08013b28   0x00000020   Code   RO         8068    i.usbd_cdc_SOF      usbd_cdc_core.o
    0x08013b48   0x00000094   Code   RO         8069    i.usbd_cdc_Setup    usbd_cdc_core.o
    0x08013bdc   0x00000038   Code   RO         8181    i.usbd_cdc_vcp_Init  usbd_cdc_vcp.o
    0x08013c14   0x00000004   Code   RO         5399    i.usblinkAckPacket  usblink.o
    0x08013c18   0x0000005c   Code   RO         5401    i.usblinkInit       usblink.o
    0x08013c74   0x000000e4   Code   RO         5402    i.usblinkRxTask     usblink.o
    0x08013d58   0x00000084   Code   RO         5403    i.usblinkSendPacket  usblink.o
    0x08013ddc   0x0000006c   Code   RO         5404    i.usblinkTxTask     usblink.o
    0x08013e48   0x00000018   Code   RO         8182    i.usbsendData       usbd_cdc_vcp.o
    0x08013e60   0x00000004   Code   RO         1488    i.usr_i2c_read_bytes  ms5837.o
    0x08013e64   0x00000004   Code   RO         1489    i.usr_i2c_write_bytes  ms5837.o
    0x08013e68   0x00000024   Code   RO         6536    i.uxListRemove      list.o
    0x08013e8c   0x00000020   Code   RO            5    i.vApplicationIdleHook  main.o
    0x08013eac   0x00000010   Code   RO         4677    i.vApplicationMallocFailedHook  freertosdebug.o
    0x08013ebc   0x00000016   Code   RO         6537    i.vListInitialise   list.o
    0x08013ed2   0x00000006   Code   RO         6538    i.vListInitialiseItem  list.o
    0x08013ed8   0x00000030   Code   RO         6539    i.vListInsert       list.o
    0x08013f08   0x00000018   Code   RO         6540    i.vListInsertEnd    list.o
    0x08013f20   0x0000001c   Code   RO         7328    i.vPortEnterCritical  port.o
    0x08013f3c   0x00000014   Code   RO         7329    i.vPortExitCritical  port.o
    0x08013f50   0x00000040   Code   RO         7406    i.vPortFree         heap_4.o
    0x08013f90   0x00000014   Code   RO         7330    i.vPortSetupTimerInterrupt  port.o
    0x08013fa4   0x00000028   Code   RO         6604    i.vQueueAddToRegistry  queue.o
    0x08013fcc   0x00000044   Code   RO         6608    i.vQueueWaitForMessageRestricted  queue.o
    0x08014010   0x00000030   Code   RO         6851    i.vTaskDelay        tasks.o
    0x08014040   0x00000054   Code   RO         6852    i.vTaskDelayUntil   tasks.o
    0x08014094   0x00000098   Code   RO         6853    i.vTaskDelete       tasks.o
    0x0801412c   0x0000000c   Code   RO         6857    i.vTaskMissedYield  tasks.o
    0x08014138   0x00000020   Code   RO         6859    i.vTaskPlaceOnEventList  tasks.o
    0x08014158   0x00000028   Code   RO         6860    i.vTaskPlaceOnEventListRestricted  tasks.o
    0x08014180   0x00000084   Code   RO         6862    i.vTaskPriorityInherit  tasks.o
    0x08014204   0x00000010   Code   RO         6867    i.vTaskSetTimeOutState  tasks.o
    0x08014214   0x0000005c   Code   RO         6868    i.vTaskStartScheduler  tasks.o
    0x08014270   0x00000010   Code   RO         6870    i.vTaskSuspendAll   tasks.o
    0x08014280   0x00000044   Code   RO         6871    i.vTaskSwitchContext  tasks.o
    0x080142c4   0x00000044   Code   RO         1067    i.watchdogInit      watchdog.o
    0x08014308   0x00000058   Code   RO         1068    i.watchdogTest      watchdog.o
    0x08014360   0x0000000c   Code   RO         7408    i.xPortGetFreeHeapSize  heap_4.o
    0x0801436c   0x00000040   Code   RO         7331    i.xPortStartScheduler  port.o
    0x080143ac   0x0000002c   Code   RO         7332    i.xPortSysTickHandler  port.o
    0x080143d8   0x00000044   Code   RO         6613    i.xQueueGenericCreate  queue.o
    0x0801441c   0x00000124   Code   RO         6614    i.xQueueGenericReceive  queue.o
    0x08014540   0x00000074   Code   RO         6615    i.xQueueGenericReset  queue.o
    0x080145b4   0x00000104   Code   RO         6616    i.xQueueGenericSend  queue.o
    0x080146b8   0x00000078   Code   RO         6617    i.xQueueGenericSendFromISR  queue.o
    0x08014730   0x00000062   Code   RO         6618    i.xQueueGiveFromISR  queue.o
    0x08014792   0x00000002   PAD
    0x08014794   0x00000048   Code   RO         6873    i.xTaskCheckForTimeOut  tasks.o
    0x080147dc   0x00000056   Code   RO         6874    i.xTaskCreate       tasks.o
    0x08014832   0x00000002   PAD
    0x08014834   0x0000001c   Code   RO         6879    i.xTaskGetSchedulerState  tasks.o
    0x08014850   0x0000000c   Code   RO         6880    i.xTaskGetTickCount  tasks.o
    0x0801485c   0x000000b4   Code   RO         6882    i.xTaskIncrementTick  tasks.o
    0x08014910   0x00000070   Code   RO         6885    i.xTaskPriorityDisinherit  tasks.o
    0x08014980   0x00000064   Code   RO         6886    i.xTaskRemoveFromEventList  tasks.o
    0x080149e4   0x000000b4   Code   RO         6888    i.xTaskResumeAll    tasks.o
    0x08014a98   0x0000003c   Code   RO         7223    i.xTimerCreateTimerTask  timers.o
    0x08014ad4   0x00000048   Code   RO         7224    i.xTimerGenericCommand  timers.o
    0x08014b1c   0x00000020   Data   RO          772    .constdata          motors.o
    0x08014b3c   0x0000000a   Data   RO         1438    .constdata          spi1.o
    0x08014b46   0x0000001e   Data   RO         1491    .constdata          ms5837.o
    0x08014b64   0x0000000c   Data   RO         8610    .constdata          etharp.o
    0x08014b70   0x00000004   Data   RO         8961    .constdata          ip_addr.o
    0x08014b74   0x00000028   Data   RO         9241    .constdata          memp.o
    0x08014b9c   0x00000054   Data   RO         9619    .constdata          tcp.o
    0x08014bf0   0x00000024   Data   RO        10272    .constdata          malloc.o
    0x08014c14   0x00000004   PAD
    0x08014c18   0x00000088   Data   RO        10401    .constdata          m_wm.l(pow.o)
    0x08014ca0   0x00000008   Data   RO        10814    .constdata          m_wm.l(qnan.o)
    0x08014ca8   0x00000044   Data   RO         8611    .conststring        etharp.o
    0x08014cec   0x00000075   Data   RO         9620    .conststring        tcp.o
    0x08014d61   0x00000003   PAD
    0x08014d64   0x00000055   Data   RO         9878    .conststring        tcp_out.o
    0x08014db9   0x00000003   PAD
    0x08014dbc   0x00000001   Data   RO         4637    .conststrlit        debug_assert.o
    0x08014dbd   0x00000003   PAD
    0x08014dc0   0x00000020   Data   RO        10869    Region$$Table       anon$$obj.o


    Execution Region RW_IRAM1 (Base: 0x20000000, Size: 0x00016900, Max: 0x00030000, ABSOLUTE, COMPRESSED[0x00000134])

    Base Addr    Size         Type   Attr      Idx    E Section Name        Object

    0x20000000   0x00000008   Data   RW            6    .data               main.o
    0x20000008   0x00000008   Data   RW          401    .data               delay.o
    0x20000010   0x00000002   Data   RW          470    .data               usart.o
    0x20000012   0x00000002   PAD
    0x20000014   0x00000004   Data   RW          471    .data               usart.o
    0x20000018   0x00000028   Data   RW          526    .data               config_param.o
    0x20000040   0x00000005   Data   RW          625    .data               exti.o
    0x20000045   0x00000001   Data   RW          773    .data               motors.o
    0x20000046   0x00000002   PAD
    0x20000048   0x00000004   Data   RW          833    .data               nvic.o
    0x2000004c   0x00000014   Data   RW          915    .data               uart_syslink.o
    0x20000060   0x00000010   Data   RW         1133    .data               lan8720.o
    0x20000070   0x00000004   Data   RW         1204    .data               adc1.o
    0x20000074   0x00000001   Data   RW         1233    .data               leds.o
    0x20000075   0x00000001   PAD
    0x20000076   0x0000001e   Data   RW         1292    .data               mpu9250.o
    0x20000094   0x00000001   Data   RW         1439    .data               spi1.o
    0x20000095   0x00000003   PAD
    0x20000098   0x00000010   Data   RW         1492    .data               ms5837.o
    0x200000a8   0x00000002   Data   RW         1599    .data               i2c.o
    0x200000aa   0x00000010   Data   RW         2881    .data               stm32f4xx_rcc.o
    0x200000ba   0x00000002   PAD
    0x200000bc   0x0000000c   Data   RW         4202    .data               stm32f4x7_eth.o
    0x200000c8   0x00000018   Data   RW         5063    .data               atkp.o
    0x200000e0   0x00000001   Data   RW         5191    .data               comm.o
    0x200000e1   0x00000003   PAD
    0x200000e4   0x00000008   Data   RW         5224    .data               console.o
    0x200000ec   0x0000000c   Data   RW         5276    .data               radiolink.o
    0x200000f8   0x0000000c   Data   RW         5344    .data               lanlink.o
    0x20000104   0x00000008   Data   RW         5406    .data               usblink.o
    0x2000010c   0x00000001   Data   RW         5462    .data               barometer.o
    0x2000010d   0x00000003   PAD
    0x20000110   0x00000010   Data   RW         5499    .data               imu.o
    0x20000120   0x0000000c   Data   RW         5553    .data               accelerometer.o
    0x2000012c   0x0000001a   Data   RW         5610    .data               compass.o
    0x20000146   0x00000002   PAD
    0x20000148   0x00000060   Data   RW         5664    .data               gyro.o
    0x200001a8   0x00000001   Data   RW         5714    .data               sensorsalignment.o
    0x200001a9   0x00000003   PAD
    0x200001ac   0x0000005c   Data   RW         5766    .data               kalman.o
    0x20000208   0x00000018   Data   RW         5860    .data               pm.o
    0x20000220   0x0000001c   Data   RW         5998    .data               sensors.o
    0x2000023c   0x00000001   Data   RW         6065    .data               stabilizer.o
    0x2000023d   0x00000003   PAD
    0x20000240   0x00000030   Data   RW         6109    .data               imu_1.o
    0x20000270   0x00000005   Data   RW         6183    .data               led_control.o
    0x20000275   0x00000001   Data   RW         6235    .data               motor_control.o
    0x20000276   0x00000002   PAD
    0x20000278   0x0000003c   Data   RW         6891    .data               tasks.o
    0x200002b4   0x00000014   Data   RW         7230    .data               timers.o
    0x200002c8   0x00000004   Data   RW         7333    .data               port.o
    0x200002cc   0x00000018   Data   RW         7411    .data               heap_4.o
    0x200002e4   0x0000002c   Data   RW         7849    .data               usbd_core.o
    0x20000310   0x00000004   Data   RW         7850    .data               usbd_core.o
    0x20000314   0x00000004   Data   RW         7851    .data               usbd_core.o
    0x20000318   0x00000010   Data   RW         7998    .data               usbd_req.o
    0x20000328   0x0000006b   Data   RW         8072    .data               usbd_cdc_core.o
    0x20000393   0x00000001   PAD
    0x20000394   0x0000002c   Data   RW         8073    .data               usbd_cdc_core.o
    0x200003c0   0x0000000c   Data   RW         8185    .data               usbd_cdc_vcp.o
    0x200003cc   0x00000014   Data   RW         8188    .data               usbd_cdc_vcp.o
    0x200003e0   0x0000001c   Data   RW         8250    .data               usbd_desc.o
    0x200003fc   0x00000030   Data   RW         8251    .data               usbd_desc.o
    0x2000042c   0x00000001   Data   RW         8321    .data               usbd_usr.o
    0x2000042d   0x00000003   PAD
    0x20000430   0x0000001c   Data   RW         8322    .data               usbd_usr.o
    0x2000044c   0x00000010   Data   RW         8398    .data               lwip_comm.o
    0x2000045c   0x00000014   Data   RW         8503    .data               tcp_server.o
    0x20000470   0x00000001   Data   RW         8612    .data               etharp.o
    0x20000471   0x00000003   PAD
    0x20000474   0x00000014   Data   RW         8895    .data               ip.o
    0x20000488   0x00000008   Data   RW         9025    .data               ip_frag.o
    0x20000490   0x00000010   Data   RW         9190    .data               mem.o
    0x200004a0   0x00000004   Data   RW         9242    .data               memp.o
    0x200004a4   0x0000000c   Data   RW         9301    .data               netif.o
    0x200004b0   0x00000004   Data   RW         9515    .data               raw.o
    0x200004b4   0x00000024   Data   RW         9621    .data               tcp.o
    0x200004d8   0x0000001c   Data   RW         9813    .data               tcp_in.o
    0x200004f4   0x0000000c   Data   RW         9977    .data               timers_1.o
    0x20000500   0x00000008   Data   RW        10046    .data               udp.o
    0x20000508   0x00000024   Data   RW        10273    .data               malloc.o
    0x2000052c   0x00000004   Data   RW        10840    .data               mc_w.l(errno.o)
    0x20000530   0x0000000c   Data   RW         4638    .nzds               debug_assert.o
    0x2000053c   0x000000c8   Zero   RW          469    .bss                usart.o
    0x20000604   0x0000001c   Zero   RW          525    .bss                config_param.o
    0x20000620   0x0000007c   Zero   RW          914    .bss                uart_syslink.o
    0x2000069c   0x00000024   Zero   RW          997    .bss                system.o
    0x200006c0   0x00000178   Zero   RW         1490    .bss                ms5837.o
    0x20000838   0x0000000c   Zero   RW         4201    .bss                stm32f4x7_eth.o
    0x20000844   0x00000018   Zero   RW         5062    .bss                atkp.o
    0x2000085c   0x00000020   Zero   RW         5222    .bss                console.o
    0x2000087c   0x00000040   Zero   RW         5275    .bss                radiolink.o
    0x200008bc   0x00000040   Zero   RW         5343    .bss                lanlink.o
    0x200008fc   0x00000020   Zero   RW         5405    .bss                usblink.o
    0x2000091c   0x000000b4   Zero   RW         5549    .bss                accelerometer.o
    0x200009d0   0x00000050   Zero   RW         5609    .bss                compass.o
    0x20000a20   0x00000060   Zero   RW         5660    .bss                gyro.o
    0x20000a80   0x00000024   Zero   RW         5713    .bss                sensorsalignment.o
    0x20000aa4   0x00000050   Zero   RW         5765    .bss                kalman.o
    0x20000af4   0x0000000c   Zero   RW         5858    .bss                pm.o
    0x20000b00   0x00000070   Zero   RW         5997    .bss                sensors.o
    0x20000b70   0x00000084   Zero   RW         6064    .bss                stabilizer.o
    0x20000bf4   0x00000024   Zero   RW         6108    .bss                imu_1.o
    0x20000c18   0x00000042   Zero   RW         6234    .bss                motor_control.o
    0x20000c5a   0x00000002   PAD
    0x20000c5c   0x00000050   Zero   RW         6628    .bss                queue.o
    0x20000cac   0x0000012c   Zero   RW         6890    .bss                tasks.o
    0x20000dd8   0x00000028   Zero   RW         7229    .bss                timers.o
    0x20000e00   0x00007800   Zero   RW         7410    .bss                heap_4.o
    0x20008600   0x00000240   Zero   RW         8071    .bss                usbd_cdc_core.o
    0x20008840   0x000005f4   Zero   RW         8183    .bss                usbd_cdc_vcp.o
    0x20008e34   0x000000ff   Zero   RW         8249    .bss                usbd_desc.o
    0x20008f33   0x00000001   PAD
    0x20008f34   0x00000048   Zero   RW         8397    .bss                lwip_comm.o
    0x20008f7c   0x000000c8   Zero   RW         8609    .bss                etharp.o
    0x20009044   0x00000028   Zero   RW         9240    .bss                memp.o
    0x2000906c   0x00000010   Zero   RW         9812    .bss                tcp_in.o
    0x2000907c   0x0000c800   Zero   RW        10270    .bss                malloc.o
    0x2001587c   0x00000c80   Zero   RW        10271    .bss                malloc.o
    0x200164fc   0x00000004   PAD
    0x20016500   0x00000400   Zero   RW         1673    STACK               startup_stm32f427_437xx.o



  Load Region LR$$.ARM.__AT_0x10000000 (Base: 0x10000000, Size: 0x00000000, Max: 0x00007800, ABSOLUTE)

    Execution Region ER$$.ARM.__AT_0x10000000 (Base: 0x10000000, Size: 0x00007800, Max: 0x00007800, ABSOLUTE, UNINIT)

    Base Addr    Size         Type   Attr      Idx    E Section Name        Object

    0x10000000   0x00007800   Zero   RW        10266    .ARM.__AT_0x10000000  malloc.o



  Load Region LR$$.ARM.__AT_0x10007800 (Base: 0x10007800, Size: 0x00000000, Max: 0x00000780, ABSOLUTE)

    Execution Region ER$$.ARM.__AT_0x10007800 (Base: 0x10007800, Size: 0x00000780, Max: 0x00000780, ABSOLUTE, UNINIT)

    Base Addr    Size         Type   Attr      Idx    E Section Name        Object

    0x10007800   0x00000780   Zero   RW        10267    .ARM.__AT_0x10007800  malloc.o



  Load Region LR$$.ARM.__AT_0x68000000 (Base: 0x68000000, Size: 0x00000000, Max: 0x00032000, ABSOLUTE)

    Execution Region ER$$.ARM.__AT_0x68000000 (Base: 0x68000000, Size: 0x00032000, Max: 0x00032000, ABSOLUTE, UNINIT)

    Base Addr    Size         Type   Attr      Idx    E Section Name        Object

    0x68000000   0x00032000   Zero   RW        10268    .ARM.__AT_0x68000000  malloc.o



  Load Region LR$$.ARM.__AT_0x68032000 (Base: 0x68032000, Size: 0x00000000, Max: 0x00003200, ABSOLUTE)

    Execution Region ER$$.ARM.__AT_0x68032000 (Base: 0x68032000, Size: 0x00003200, Max: 0x00003200, ABSOLUTE, UNINIT)

    Base Addr    Size         Type   Attr      Idx    E Section Name        Object

    0x68032000   0x00003200   Zero   RW        10269    .ARM.__AT_0x68032000  malloc.o


==============================================================================

Image component sizes


      Code (inc. data)   RO Data    RW Data    ZI Data      Debug   Object Name

      1120         44          0         12        180       6132   accelerometer.o
       268         16          0          4          0       1275   adc1.o
      1636        276          0         24         24      34685   atkp.o
        24          6          0          1          0       1543   barometer.o
        52         10          0          1          0       1170   comm.o
       420         42          0         26         80       3497   compass.o
       362         96          0         40         28       5080   config_param.o
        76         14          0          8         32       1791   console.o
       176        100          1         12          0       4864   debug_assert.o
        16          0          0          0          0       2444   def.o
       190         14          0          8          0       2487   delay.o
      3260       1304         80          1        200      13993   etharp.o
       476        132          0          0          0       5868   ethernetif.o
       498          4          0          5          0      11404   exti.o
       422         14          0          0          0       4652   filter.o
        16          0          0          0          0        587   freertosdebug.o
       516         44          0         96         96       4806   gyro.o
       392         30          0         24      30720       4414   heap_4.o
      1340         60          0          2          0       5832   i2c.o
       904        458          0          0          0       3550   icmp.o
        44         10          0         16          0       1529   imu.o
      1248         98          0         48         36       6488   imu_1.o
         0          0          0          0          0       3808   inet.o
       172          0          0          0          0       2685   inet_chksum.o
        30          0          0          0          0        524   init.o
       936        264          0         20          0       7945   ip.o
        46          0          4          0          0       7030   ip_addr.o
      2512        926          0          8          0       9972   ip_frag.o
       600         70          0         92         80       4238   kalman.o
       764         54          0         16          0       6293   lan8720.o
      1016        402          0         12         64       5029   lanlink.o
        80         10          0          5          0       2187   led_control.o
       380         56          0          1          0       2716   leds.o
       136          0          0          0          0       4582   list.o
       672        260          0         16         72      16530   lwip_comm.o
       556        246          0          8          0     423266   main.o
       418         40         36         36     304640       6451   malloc.o
      2008        142          0          0          0      13857   maths.o
      1568        764          0         16          0       5033   mem.o
       474        284         40          4         40       3862   memp.o
       144         14          0          0          0       1973   misc.o
       838        108          0          1         66       4119   motor_control.o
       660         60         32          1          0       4121   motors.o
      1532        124          0         30          0       9510   mpu9250.o
      1780        252         30         16        376      10423   ms5837.o
       402        124          0         12          0       7575   netif.o
       696        296          0          4          0       5905   nvic.o
      3490       1812          0          0          0      10478   pbuf.o
       508         68          0         24         12       5564   pm.o
       418         52          0          4          0       9364   port.o
      1424         18          0          0         80      21853   queue.o
      1108        472          0         12         64       5635   radiolink.o
       116         12          0          4          0       1496   raw.o
       680         50          0         28        112       6297   sensors.o
       428         34          0          1         36       2986   sensorsalignment.o
       328         26         10          1          0       2417   spi1.o
       164         14          0          1        132       2015   stabilizer.o
        36          8        428          0       1024        820   startup_stm32f427_437xx.o
      1386        152          0         12         12      13755   stm32f4x7_eth.o
       306         20          0          0          0       5351   stm32f4xx_adc.o
       498         36          0          0          0       5080   stm32f4xx_dma.o
        32         10          0          0          0       1124   stm32f4xx_exti.o
       338         36          0          0          0       4588   stm32f4xx_flash.o
       202          0          0          0          0       2755   stm32f4xx_gpio.o
       436         22          0          0          0       8118   stm32f4xx_i2c.o
        68         30          0          0          0       2450   stm32f4xx_iwdg.o
       384         68          0         16          0       8083   stm32f4xx_rcc.o
       230         24          0          0          0       4059   stm32f4xx_spi.o
        12          4          0          0          0        558   stm32f4xx_syscfg.o
      1092        112          0          0          0      13830   stm32f4xx_tim.o
       340          8          0          0          0       5824   stm32f4xx_usart.o
       300         52          0          0          0       2775   stmflash.o
        12          6          0          0          0        462   sys_arch.o
       688        316          0          0         36       2445   system.o
       300         36          0          0          0       1453   system_stm32f4xx.o
      2092        198          0         60        300      29679   tasks.o
      4574       1878        201         36          0      31508   tcp.o
      4508        996          0         28         16      16567   tcp_in.o
      4444       1420         85          0          0      16507   tcp_out.o
      1648        530          0         20          0      11735   tcp_server.o
       136         12          0          0          0       1178   timer.o
       748         82          0         20         40       8103   timers.o
       468        208          0         12          0       3677   timers_1.o
       808        128          0         20        124       6028   uart_syslink.o
       490        132          0          8          0       4131   udp.o
       292         26          0          6        200       3720   usart.o
       166          6          0          0          0       2647   usb_bsp.o
      1950         26          0          0          0      20578   usb_core.o
       510          0          0          0          0       5964   usb_dcd.o
      1452        110          0          0          0       7939   usb_dcd_int.o
       620         74          0        151        576       9114   usbd_cdc_core.o
       320         52          0         32       1524       5685   usbd_cdc_vcp.o
       612          4          0         52          0       9546   usbd_core.o
       344        152          0         76        255       6391   usbd_desc.o
       168          0          0          0          0       4400   usbd_ioreq.o
      1124         44          0         16          0       8604   usbd_req.o
        78         28          0         29          0       4531   usbd_usr.o
       564        180          0          8         32       6059   usblink.o
       156         66          0          0          0       1094   watchdog.o

    ----------------------------------------------------------------------
     75578      17118        992       1336     341316    1074745   Object Totals
         0          0         32          0          0          0   (incl. Generated)
       106          0         13         33          7          0   (incl. Padding)

    ----------------------------------------------------------------------

      Code (inc. data)   RO Data    RW Data    ZI Data      Debug   Library Member Name

       164         44          0          0          0        620   dunder.o
        24          0          0          0          0        124   fabs.o
        48          0          0          0          0        124   fpclassify.o
        72          0          0          0          0        136   lrintf.o
       248          0          0          0          0        152   poly.o
      3152        296        136          0          0        352   pow.o
         0          0          8          0          0          0   qnan.o
       232          0          0          0          0        296   sqrt.o
        58          0          0          0          0        136   sqrtf.o
        86          0          0          0          0          0   __dczerorl2.o
         0          0          0          0          0          0   entry.o
         0          0          0          0          0          0   entry10a.o
         0          0          0          0          0          0   entry11a.o
         8          4          0          0          0          0   entry2.o
         4          0          0          0          0          0   entry5.o
         0          0          0          0          0          0   entry7b.o
         0          0          0          0          0          0   entry8b.o
         8          4          0          0          0          0   entry9a.o
        12          6          0          4          0         68   errno.o
        30          0          0          0          0          0   handlers.o
        36          8          0          0          0         68   init.o
         0          0          0          0          0          0   iusefp.o
        98          0          0          0          0         84   ldiv.o
        30          0          0          0          0         68   llshl.o
        36          0          0          0          0         68   llsshr.o
        32          0          0          0          0         68   llushr.o
        26          0          0          0          0         80   memcmp.o
        64          0          0          0          0         76   memmovea.o
        36          0          0          0          0        108   memseta.o
      2308         96          0          0          0        604   printfa.o
        44          0          0          0          0         80   uidiv.o
        98          0          0          0          0         92   uldiv.o
        48          0          0          0          0         68   cdrcmple.o
        56          0          0          0          0         88   d2f.o
       334          0          0          0          0        148   dadd.o
       222          0          0          0          0        100   ddiv.o
       186          0          0          0          0        176   depilogue.o
        62          0          0          0          0         80   dfixi.o
        50          0          0          0          0         76   dfixui.o
        48          0          0          0          0         68   dfixul.o
        34          0          0          0          0         76   dflti.o
        26          0          0          0          0         76   dfltui.o
       228          0          0          0          0         96   dmul.o
        46          0          0          0          0         80   dscalb.o
       162          0          0          0          0        100   dsqrt.o
        38          0          0          0          0         68   f2d.o
       110          0          0          0          0        168   fepilogue.o
        76          0          0          0          0         76   ffixir.o
        60          0          0          0          0         76   frnd.o

    ----------------------------------------------------------------------
      8758        458        144          4          0       5024   Library Totals
        18          0          0          0          0          0   (incl. Padding)

    ----------------------------------------------------------------------

      Code (inc. data)   RO Data    RW Data    ZI Data      Debug   Library Name

      3998        340        144          0          0       1940   m_wm.l
      2956        118          0          4          0       1464   mc_w.l
      1786          0          0          0          0       1620   mf_w.l

    ----------------------------------------------------------------------
      8758        458        144          4          0       5024   Library Totals

    ----------------------------------------------------------------------

==============================================================================


      Code (inc. data)   RO Data    RW Data    ZI Data      Debug   

     84336      17576       1136       1340     341316    1011189   Grand Totals
     84336      17576       1136        308     341316    1011189   ELF Image Totals (compressed)
     84336      17576       1136        308          0          0   ROM Totals

==============================================================================

    Total RO  Size (Code + RO Data)                85472 (  83.47kB)
    Total RW  Size (RW Data + ZI Data)            342656 ( 334.63kB)
    Total ROM Size (Code + RO Data + RW Data)      85780 (  83.77kB)

==============================================================================

