<html>
<body>
<pre>
<h1>µVision Build Log</h1>
<h2>Tool Versions:</h2>
IDE-Version: ¦ÌVision V5.21.1.0
Copyright (C) 2016 ARM Ltd and ARM Germany GmbH. All rights reserved.
License Information: zhang ht, zq, LIC=UB48T-R85FM-JN9A8-34P89-51IVD-ZIPKM
 
Tool Versions:
Toolchain:       MDK-ARM Professional  Version: 5.21a
Toolchain Path:  D:\software\keil_uvision5\ARM\ARMCC\Bin
C Compiler:      Armcc.exe V5.06 update 3 (build 300)
Assembler:       Armasm.exe V5.06 update 3 (build 300)
Linker/Locator:  ArmLink.exe V5.06 update 3 (build 300)
Library Manager: ArmAr.exe V5.06 update 3 (build 300)
Hex Converter:   FromElf.exe V5.06 update 3 (build 300)
CPU DLL:         SARMCM3.DLL V5.21a
Dialog DLL:      DCM.DLL V1.13.8.0
Target DLL:      Segger\JL2CM3.dll V2.99.23.0
Dialog DLL:      TCM.DLL V1.14.14.0
 
<h2>Project:</h2>
E:\TA20\Desktop\×ÀÃæ\temp2\USER\Firmware_F427.uvprojx
Project File Date:  06/08/2019

<h2>Output:</h2>
*** Using Compiler 'V5.06 update 3 (build 300)', folder: 'D:\software\keil_uvision5\ARM\ARMCC\Bin'
Build target 'Firmware'
compiling nvic.c...
compiling sys.c...
compiling config_param.c...
compiling system_stm32f4xx.c...
compiling delay.c...
compiling motors.c...
compiling usart.c...
compiling uart_syslink.c...
compiling exti.c...
compiling system.c...
compiling main.c...
assembling startup_stm32f427_437xx.s...
compiling stmflash.c...
compiling watchdog.c...
compiling leds.c...
compiling lan8720.c...
compiling timer.c...
compiling adc1.c...
compiling MS5837.c...
compiling mpu9250.c...
..\HARDWARE\src\mpu9250.c(222): warning:  #177-D: variable "res" was declared but never referenced
    uint8_t res, asa[3] = {0};
..\HARDWARE\src\mpu9250.c(222): warning:  #550-D: variable "asa" was set but never used
    uint8_t res, asa[3] = {0};
..\HARDWARE\src\mpu9250.c(279): warning:  #177-D: variable "data" was declared but never referenced
  	u8 data = 0, state = 0;
..\HARDWARE\src\mpu9250.c(281): warning:  #177-D: variable "i" was declared but never referenced
  	u8 i;
..\HARDWARE\src\mpu9250.c(128): warning:  #177-D: function "i2c_Mag_write" was declared but never referenced
  static void i2c_Mag_write(u8 reg,u8 value)
..\HARDWARE\src\mpu9250.c(141): warning:  #177-D: function "i2c_Mag_read" was declared but never referenced
  static u8 i2c_Mag_read(u8 reg)
..\HARDWARE\src\mpu9250.c: 6 warnings, 0 errors
compiling spi1.c...
compiling i2c.c...
compiling misc.c...
compiling stm32f4xx_dbgmcu.c...
compiling stm32f4xx_adc.c...
compiling stm32f4xx_dma.c...
compiling stm32f4xx_flash.c...
compiling stm32f4xx_i2c.c...
compiling stm32f4xx_gpio.c...
compiling stm32f4xx_exti.c...
compiling stm32f4xx_iwdg.c...
compiling stm32f4xx_rcc.c...
compiling stm32f4xx_spi.c...
compiling stm32f4xx_usart.c...
compiling stm32f4xx_syscfg.c...
compiling stm32f4xx_tim.c...
compiling debug_assert.c...
compiling freeRTOSdebug.c...
compiling comm.c...
compiling filter.c...
compiling atkp.c...
compiling stm32f4x7_eth.c...
compiling maths.c...
compiling console.c...
compiling radiolink.c...
compiling barometer.c...
compiling imu.c...
compiling accelerometer.c...
compiling compass.c...
compiling lanlink.c...
compiling usblink.c...
compiling sensorsalignment.c...
compiling pm.c...
..\CONTROL\src\pm.c(351): warning:  #1035-D: single-precision operand implicitly converted to double-precision
  		battery_percent = (battery_value - 18.0f)/0.072;
..\CONTROL\src\pm.c: 1 warning, 0 errors
compiling gyro.c...
compiling kalman.c...
compiling led_control.c...
compiling imu.c...
..\CONTROL\src\imu.c(334): warning:  #177-D: variable "mag" was declared but never referenced
  	Axis3f mag  = sensorData->mag;
..\CONTROL\src\imu.c: 1 warning, 0 errors
compiling sensors.c...
compiling arm_const_structs.c...
compiling arm_common_tables.c...
compiling motor_control.c...
compiling stabilizer.c...
compiling arm_cos_f32.c...
compiling arm_mat_trans_f32.c...
compiling arm_sin_f32.c...
compiling arm_mean_f32.c...
compiling arm_mat_mult_f32.c...
compiling list.c...
compiling queue.c...
compiling heap_4.c...
compiling usb_dcd.c...
compiling timers.c...
compiling usb_core.c...
compiling usbd_core.c...
compiling usbd_ioreq.c...
compiling port.c...
compiling usb_dcd_int.c...
compiling tasks.c...
compiling usbd_req.c...
compiling usbd_desc.c...
compiling usbd_cdc_core.c...
compiling usb_bsp.c...
compiling usbd_usr.c...
compiling usbd_cdc_vcp.c...
compiling tcp_server.c...
compiling autoip.c...
compiling lwip_comm.c...
compiling ethernetif.c...
compiling icmp.c...
compiling etharp.c...
compiling igmp.c...
compiling inet.c...
compiling ip_addr.c...
compiling ip.c...
compiling inet_chksum.c...
compiling def.c...
compiling ip_frag.c...
compiling dns.c...
compiling mem.c...
compiling dhcp.c...
compiling stats.c...
compiling init.c...
compiling memp.c...
compiling netif.c...
compiling pbuf.c...
compiling raw.c...
compiling timers.c...
compiling sys_arch.c...
compiling api_msg.c...
compiling tcp_in.c...
compiling err.c...
compiling tcp.c...
compiling tcp_out.c...
..\LWIP\lwip-1.4.1\src\core\tcp_out.c(845): warning:  #550-D: variable "tcphdr" was set but never used
    struct tcp_hdr *tcphdr;
..\LWIP\lwip-1.4.1\src\core\tcp_out.c(1367): warning:  #550-D: variable "tcphdr" was set but never used
    struct tcp_hdr *tcphdr;
..\LWIP\lwip-1.4.1\src\core\tcp_out.c: 2 warnings, 0 errors
compiling udp.c...
compiling api_lib.c...
compiling netbuf.c...
compiling netdb.c...
compiling netifapi.c...
compiling malloc.c...
compiling tcpip.c...
compiling sockets.c...
linking...
Program Size: Code=84336 RO-data=1136 RW-data=1340 ZI-data=341316  
FromELF: creating hex file...
After Build - User command #1: fromelf --bin ..\OBJ\Firmware_F427.axf -o .\BIN\Firmware_F427_V10.bin
"..\OBJ\Firmware_F427.axf" - 0 Error(s), 10 Warning(s).

<h2>Collection of Component include folders:</h2>
  E:\TA20\Desktop\×ÀÃæ\temp2\USER\RTE
  D:\software\keil_uvision5\ARM\PACK\Keil\STM32F4xx_DFP\2.9.0\Drivers\CMSIS\Device\ST\STM32F4xx\Include

<h2>Collection of Component Files used:</h2>
Build Time Elapsed:  00:00:32
</pre>
</body>
</html>
